Component: ARM Compiler 5.06 update 1 (build 61) Tool: armlink [4d35a8]

==============================================================================

Section Cross References

    isr.o(i.DMA1_Channel1_IRQHandler) refers to hal_dma.o(i.DMA_GetFlagStatus) for DMA_GetFlagStatus
    isr.o(i.DMA1_Channel1_IRQHandler) refers to hal_dma.o(i.DMA_ClearFlag) for DMA_ClearFlag
    isr.o(i.DMA1_Channel2_IRQHandler) refers to hal_dma.o(i.DMA_GetFlagStatus) for DMA_GetFlagStatus
    isr.o(i.DMA1_Channel2_IRQHandler) refers to hal_dma.o(i.DMA_ClearFlag) for DMA_ClearFlag
    isr.o(i.DMA1_Channel3_IRQHandler) refers to hal_dma.o(i.DMA_GetFlagStatus) for DMA_GetFlagStatus
    isr.o(i.DMA1_Channel3_IRQHandler) refers to hal_dma.o(i.DMA_ClearFlag) for DMA_ClearFlag
    isr.o(i.DMA1_Channel4_IRQHandler) refers to hal_dma.o(i.DMA_GetFlagStatus) for DMA_GetFlagStatus
    isr.o(i.DMA1_Channel4_IRQHandler) refers to hal_dma.o(i.DMA_ClearFlag) for DMA_ClearFlag
    isr.o(i.DMA1_Channel4_IRQHandler) refers to seekfree_7725.o(i.ov7725_dma) for ov7725_dma
    isr.o(i.DMA1_Channel4_IRQHandler) refers to seekfree_uart_7725.o(i.ov7725_uart_dma) for ov7725_uart_dma
    isr.o(i.DMA1_Channel4_IRQHandler) refers to seekfree_mt9v03x.o(i.mt9v03x_dma) for mt9v03x_dma
    isr.o(i.DMA1_Channel4_IRQHandler) refers to common.o(.data) for camera_type
    isr.o(i.DMA1_Channel5_IRQHandler) refers to hal_dma.o(i.DMA_GetFlagStatus) for DMA_GetFlagStatus
    isr.o(i.DMA1_Channel5_IRQHandler) refers to hal_dma.o(i.DMA_ClearFlag) for DMA_ClearFlag
    isr.o(i.DMA1_Channel6_IRQHandler) refers to hal_dma.o(i.DMA_GetFlagStatus) for DMA_GetFlagStatus
    isr.o(i.DMA1_Channel6_IRQHandler) refers to hal_dma.o(i.DMA_ClearFlag) for DMA_ClearFlag
    isr.o(i.DMA1_Channel7_IRQHandler) refers to hal_dma.o(i.DMA_GetFlagStatus) for DMA_GetFlagStatus
    isr.o(i.DMA1_Channel7_IRQHandler) refers to hal_dma.o(i.DMA_ClearFlag) for DMA_ClearFlag
    isr.o(i.DMA2_Channel1_IRQHandler) refers to hal_dma.o(i.DMA_GetFlagStatus) for DMA_GetFlagStatus
    isr.o(i.DMA2_Channel1_IRQHandler) refers to hal_dma.o(i.DMA_ClearFlag) for DMA_ClearFlag
    isr.o(i.DMA2_Channel2_IRQHandler) refers to hal_dma.o(i.DMA_GetFlagStatus) for DMA_GetFlagStatus
    isr.o(i.DMA2_Channel2_IRQHandler) refers to hal_dma.o(i.DMA_ClearFlag) for DMA_ClearFlag
    isr.o(i.DMA2_Channel3_IRQHandler) refers to hal_dma.o(i.DMA_GetFlagStatus) for DMA_GetFlagStatus
    isr.o(i.DMA2_Channel3_IRQHandler) refers to hal_dma.o(i.DMA_ClearFlag) for DMA_ClearFlag
    isr.o(i.DMA2_Channel4_IRQHandler) refers to hal_dma.o(i.DMA_GetFlagStatus) for DMA_GetFlagStatus
    isr.o(i.DMA2_Channel4_IRQHandler) refers to hal_dma.o(i.DMA_ClearFlag) for DMA_ClearFlag
    isr.o(i.DMA2_Channel5_IRQHandler) refers to hal_dma.o(i.DMA_GetFlagStatus) for DMA_GetFlagStatus
    isr.o(i.DMA2_Channel5_IRQHandler) refers to hal_dma.o(i.DMA_ClearFlag) for DMA_ClearFlag
    isr.o(i.EXTI0_IRQHandler) refers to hal_exti.o(i.EXTI_ClearFlag) for EXTI_ClearFlag
    isr.o(i.EXTI0_IRQHandler) refers to zf_systick.o(i.systick_delay_ms) for systick_delay_ms
    isr.o(i.EXTI0_IRQHandler) refers to zf_gpio.o(i.gpio_get) for gpio_get
    isr.o(i.EXTI0_IRQHandler) refers to seekfree_ips114_spi.o(i.ips114_clear) for ips114_clear
    isr.o(i.EXTI0_IRQHandler) refers to isr.o(.data) for image_flag
    isr.o(i.EXTI15_10_IRQHandler) refers to hal_exti.o(i.EXTI_GetITStatus) for EXTI_GetITStatus
    isr.o(i.EXTI15_10_IRQHandler) refers to hal_exti.o(i.EXTI_ClearFlag) for EXTI_ClearFlag
    isr.o(i.EXTI1_IRQHandler) refers to hal_exti.o(i.EXTI_ClearFlag) for EXTI_ClearFlag
    isr.o(i.EXTI2_IRQHandler) refers to hal_exti.o(i.EXTI_ClearFlag) for EXTI_ClearFlag
    isr.o(i.EXTI3_IRQHandler) refers to hal_exti.o(i.EXTI_ClearFlag) for EXTI_ClearFlag
    isr.o(i.EXTI4_IRQHandler) refers to hal_exti.o(i.EXTI_ClearFlag) for EXTI_ClearFlag
    isr.o(i.EXTI9_5_IRQHandler) refers to hal_exti.o(i.EXTI_GetITStatus) for EXTI_GetITStatus
    isr.o(i.EXTI9_5_IRQHandler) refers to hal_exti.o(i.EXTI_ClearFlag) for EXTI_ClearFlag
    isr.o(i.EXTI9_5_IRQHandler) refers to seekfree_7725.o(i.ov7725_vsync) for ov7725_vsync
    isr.o(i.EXTI9_5_IRQHandler) refers to seekfree_uart_7725.o(i.ov7725_uart_vsync) for ov7725_uart_vsync
    isr.o(i.EXTI9_5_IRQHandler) refers to seekfree_mt9v03x.o(i.mt9v03x_vsync) for mt9v03x_vsync
    isr.o(i.EXTI9_5_IRQHandler) refers to common.o(.data) for camera_type
    isr.o(i.TIM6_IRQHandler) refers to key.o(i.key_ips) for key_ips
    isr.o(i.TIM6_IRQHandler) refers to control.o(i.Speed_Control_stop) for Speed_Control_stop
    isr.o(i.TIM6_IRQHandler) refers to motor.o(i.set_Speed) for set_Speed
    isr.o(i.TIM6_IRQHandler) refers to control.o(i.Different_Speed) for Different_Speed
    isr.o(i.TIM6_IRQHandler) refers to control.o(i.Speed_Control) for Speed_Control
    isr.o(i.TIM6_IRQHandler) refers to control.o(i.Angle_control) for Angle_control
    isr.o(i.TIM6_IRQHandler) refers to control.o(i.Gyro_control) for Gyro_control
[...]
    spi_pin_init                             0x080075f1   Thumb Code    88  zf_spi.o(i.spi_pin_init)
    i.systick_delay                          0x08007648   Section        0  zf_systick.o(i.systick_delay)
    i.systick_delay_ms                       0x08007670   Section        0  zf_systick.o(i.systick_delay_ms)
    i.threshold_init                         0x08007698   Section        0  img_process.o(i.threshold_init)
    i.tim_encoder_get_count                  0x080076c8   Section        0  zf_tim.o(i.tim_encoder_get_count)
    i.tim_encoder_init                       0x080076fc   Section        0  zf_tim.o(i.tim_encoder_init)
    i.tim_encoder_pin_init                   0x080077ec   Section        0  zf_tim.o(i.tim_encoder_pin_init)
    tim_encoder_pin_init                     0x080077ed   Thumb Code    20  zf_tim.o(i.tim_encoder_pin_init)
    i.tim_encoder_rst                        0x08007800   Section        0  zf_tim.o(i.tim_encoder_rst)
    i.tim_interrupt_enable                   0x08007824   Section        0  zf_pit.o(i.tim_interrupt_enable)
    i.tim_interrupt_init                     0x08007848   Section        0  zf_pit.o(i.tim_interrupt_init)
    i.trackBorder_Get                        0x08007934   Section        0  img_process.o(i.trackBorder_Get)
    i.uart_getchar                           0x08007b74   Section        0  zf_uart.o(i.uart_getchar)
    i.uart_init                              0x08007b98   Section        0  zf_uart.o(i.uart_init)
    i.uart_pin_init                          0x08007d2c   Section        0  zf_uart.o(i.uart_pin_init)
    uart_pin_init                            0x08007d2d   Thumb Code    36  zf_uart.o(i.uart_pin_init)
    i.uart_putbuff                           0x08007d50   Section        0  zf_uart.o(i.uart_putbuff)
    i.uart_putchar                           0x08007d80   Section        0  zf_uart.o(i.uart_putchar)
    i.uart_rx_irq                            0x08007da0   Section        0  zf_uart.o(i.uart_rx_irq)
    i.weight_array_init                      0x08007dec   Section        0  img_process.o(i.weight_array_init)
    i.zf_sprintf                             0x08007e28   Section        0  seekfree_printf.o(i.zf_sprintf)
    .constdata                               0x0800810c   Section     7048  seekfree_font.o(.constdata)
    .constdata                               0x08009c98   Section      152  atan.o(.constdata)
    atanhi                                   0x08009c98   Data          32  atan.o(.constdata)
    atanlo                                   0x08009cb8   Data          32  atan.o(.constdata)
    aTodd                                    0x08009cd8   Data          40  atan.o(.constdata)
    aTeven                                   0x08009d00   Data          48  atan.o(.constdata)
    .constdata                               0x08009d30   Section        8  qnan.o(.constdata)
    .data                                    0x20000000   Section       13  isr.o(.data)
    i                                        0x20000001   Data           1  isr.o(.data)
    j                                        0x20000002   Data           1  isr.o(.data)
    k                                        0x20000003   Data           1  isr.o(.data)
    f                                        0x20000004   Data           1  isr.o(.data)
    m                                        0x20000005   Data           1  isr.o(.data)
    count                                    0x20000008   Data           4  isr.o(.data)
    i                                        0x2000000c   Data           1  isr.o(.data)
    .data                                    0x2000000d   Section        2  main.o(.data)
    .data                                    0x20000010   Section       88  img_process.o(.data)
    cur                                      0x20000060   Data           4  img_process.o(.data)
    cur_last                                 0x20000064   Data           4  img_process.o(.data)
    .data                                    0x20000068   Section       32  motor.o(.data)
    .data                                    0x20000088   Section      292  control.o(.data)
    .data                                    0x200001ac   Section      453  menu.o(.data)
    .data                                    0x20000374   Section        8  common.o(.data)
    .data                                    0x2000037c   Section       20  system_mm32f327x.o(.data)
    .data                                    0x20000390   Section       32  zf_gpio.o(.data)
    .data                                    0x200003b0   Section       12  zf_spi.o(.data)
    .data                                    0x200003bc   Section       32  zf_tim.o(.data)
    .data                                    0x200003dc   Section       40  zf_uart.o(.data)
    .data                                    0x20000404   Section        4  seekfree_7725.o(.data)
    ov7725_simiic_delay_time                 0x20000406   Data           2  seekfree_7725.o(.data)
    .data                                    0x20000408   Section       25  seekfree_icm20602.o(.data)
    last_angle                               0x2000041c   Data           4  seekfree_icm20602.o(.data)
    first_angle                              0x20000420   Data           1  seekfree_icm20602.o(.data)
    .data                                    0x20000422   Section       74  seekfree_mt9v03x.o(.data)
    receive                                  0x20000423   Data           3  seekfree_mt9v03x.o(.data)
    receive_num                              0x20000426   Data           1  seekfree_mt9v03x.o(.data)
    uart_receive_flag                        0x20000427   Data           1  seekfree_mt9v03x.o(.data)
    .data                                    0x2000046c   Section       51  seekfree_uart_7725.o(.data)
    ov7725_uart_receive                      0x2000049a   Data           3  seekfree_uart_7725.o(.data)
    ov7725_uart_receive_num                  0x2000049d   Data           1  seekfree_uart_7725.o(.data)
    ov7725_uart_receive_flag                 0x2000049e   Data           1  seekfree_uart_7725.o(.data)
    .bss                                     0x200004a0   Section    24856  img_process.o(.bss)
    .bss                                     0x200065b8   Section    22560  seekfree_mt9v03x.o(.bss)
    STACK                                    0x2000bdd8   Section     1024  startup_mm32f327x_keil.o(STACK)

    Global Symbols

    Symbol Name                              Value     Ov Type        Size  Object(Section)

    BuildAttributes$$THM_ISAv4$P$D$K$B$S$PE$A:L22UL41UL21$X:L11$S22US41US21$IEEE1$IW$USESV6$~STKCKD$USESV7$~SHL$OTIME$ROPI$IEEEX$EBA8$MICROLIB$REQ8$PRES8$EABIv2 0x00000000   Number         0  anon$$obj.o ABSOLUTE
    __ARM_use_no_argv                        0x00000000   Number         0  main.o ABSOLUTE
    __cpp_initialize__aeabi_                  - Undefined Weak Reference
    __cxa_finalize                            - Undefined Weak Reference
    _clock_init                               - Undefined Weak Reference
    _microlib_exit                            - Undefined Weak Reference
    __Vectors_Size                           0x00000190   Number         0  startup_mm32f327x_keil.o ABSOLUTE
    __Vectors                                0x08000000   Data           4  startup_mm32f327x_keil.o(RESET)
    __Vectors_End                            0x08000190   Data           0  startup_mm32f327x_keil.o(RESET)
    __main                                   0x08000191   Thumb Code     0  entry.o(.ARM.Collect$$$$00000000)
    _main_stk                                0x08000191   Thumb Code     0  entry2.o(.ARM.Collect$$$$00000001)
    _main_scatterload                        0x08000195   Thumb Code     0  entry5.o(.ARM.Collect$$$$00000004)
    __main_after_scatterload                 0x08000199   Thumb Code     0  entry5.o(.ARM.Collect$$$$00000004)
    _main_clock                              0x08000199   Thumb Code     0  entry7b.o(.ARM.Collect$$$$00000008)
    _main_cpp_init                           0x08000199   Thumb Code     0  entry8b.o(.ARM.Collect$$$$0000000A)
    _main_init                               0x08000199   Thumb Code     0  entry9a.o(.ARM.Collect$$$$0000000B)
    __rt_final_cpp                           0x080001a1   Thumb Code     0  entry10a.o(.ARM.Collect$$$$0000000D)
    __rt_final_exit                          0x080001a1   Thumb Code     0  entry11a.o(.ARM.Collect$$$$0000000F)
    Reset_Handler                            0x080001a5   Thumb Code     8  startup_mm32f327x_keil.o(.text)
    SysTick_Handler                          0x080001bd   Thumb Code     2  startup_mm32f327x_keil.o(.text)
    ADC1_2_IRQHandler                        0x080001bf   Thumb Code     0  startup_mm32f327x_keil.o(.text)
    ADC3_IRQHandler                          0x080001bf   Thumb Code     0  startup_mm32f327x_keil.o(.text)
    CAN1_RX_IRQHandler                       0x080001bf   Thumb Code     0  startup_mm32f327x_keil.o(.text)
    COMP1_2_IRQHandler                       0x080001bf   Thumb Code     0  startup_mm32f327x_keil.o(.text)
    ETH_IRQHandler                           0x080001bf   Thumb Code     0  startup_mm32f327x_keil.o(.text)
    FLASH_IRQHandler                         0x080001bf   Thumb Code     0  startup_mm32f327x_keil.o(.text)
    FlashCache_IRQHandler                    0x080001bf   Thumb Code     0  startup_mm32f327x_keil.o(.text)
    I2C1_IRQHandler                          0x080001bf   Thumb Code     0  startup_mm32f327x_keil.o(.text)
    I2C2_IRQHandler                          0x080001bf   Thumb Code     0  startup_mm32f327x_keil.o(.text)
    OTG_FS_IRQHandler                        0x080001bf   Thumb Code     0  startup_mm32f327x_keil.o(.text)
    OTG_FS_WKUP_IRQHandler                   0x080001bf   Thumb Code     0  startup_mm32f327x_keil.o(.text)
    PVD_IRQHandler                           0x080001bf   Thumb Code     0  startup_mm32f327x_keil.o(.text)
    RCC_CRS_IRQHandler                       0x080001bf   Thumb Code     0  startup_mm32f327x_keil.o(.text)
    RTCAlarm_IRQHandler                      0x080001bf   Thumb Code     0  startup_mm32f327x_keil.o(.text)
    RTC_IRQHandler                           0x080001bf   Thumb Code     0  startup_mm32f327x_keil.o(.text)
    SDIO_IRQHandler                          0x080001bf   Thumb Code     0  startup_mm32f327x_keil.o(.text)
    SPI1_IRQHandler                          0x080001bf   Thumb Code     0  startup_mm32f327x_keil.o(.text)
    SPI2_IRQHandler                          0x080001bf   Thumb Code     0  startup_mm32f327x_keil.o(.text)
    SPI3_IRQHandler                          0x080001bf   Thumb Code     0  startup_mm32f327x_keil.o(.text)
    TAMPER_IRQHandler                        0x080001bf   Thumb Code     0  startup_mm32f327x_keil.o(.text)
    TIM1_BRK_IRQHandler                      0x080001bf   Thumb Code     0  startup_mm32f327x_keil.o(.text)
    TIM1_CC_IRQHandler                       0x080001bf   Thumb Code     0  startup_mm32f327x_keil.o(.text)
    TIM1_TRG_COM_IRQHandler                  0x080001bf   Thumb Code     0  startup_mm32f327x_keil.o(.text)
    TIM8_BRK_IRQHandler                      0x080001bf   Thumb Code     0  startup_mm32f327x_keil.o(.text)
    TIM8_CC_IRQHandler                       0x080001bf   Thumb Code     0  startup_mm32f327x_keil.o(.text)
    TIM8_TRG_COM_IRQHandler                  0x080001bf   Thumb Code     0  startup_mm32f327x_keil.o(.text)
    WWDG_IRQHandler                          0x080001bf   Thumb Code     0  startup_mm32f327x_keil.o(.text)
    abs                                      0x080001c9   Thumb Code     8  siabs.o(.text)
    __aeabi_memcpy                           0x080001d1   Thumb Code    36  memcpya.o(.text)
    __aeabi_memcpy4                          0x080001d1   Thumb Code     0  memcpya.o(.text)
    __aeabi_memcpy8                          0x080001d1   Thumb Code     0  memcpya.o(.text)
    __aeabi_memset                           0x080001f5   Thumb Code    14  memseta.o(.text)
    __aeabi_memset4                          0x080001f5   Thumb Code     0  memseta.o(.text)
    __aeabi_memset8                          0x080001f5   Thumb Code     0  memseta.o(.text)
    __aeabi_memclr                           0x08000203   Thumb Code     4  memseta.o(.text)
    __aeabi_memclr4                          0x08000203   Thumb Code     0  memseta.o(.text)
    __aeabi_memclr8                          0x08000203   Thumb Code     0  memseta.o(.text)
    _memset$wrapper                          0x08000207   Thumb Code    18  memseta.o(.text)
    __aeabi_fadd                             0x08000219   Thumb Code   164  fadd.o(.text)
    __aeabi_fsub                             0x080002bd   Thumb Code     6  fadd.o(.text)
    __aeabi_frsub                            0x080002c3   Thumb Code     6  fadd.o(.text)
    __aeabi_fmul                             0x080002c9   Thumb Code   100  fmul.o(.text)
    __aeabi_fdiv                             0x0800032d   Thumb Code   124  fdiv.o(.text)
    __aeabi_dadd                             0x080003a9   Thumb Code   322  dadd.o(.text)
    __aeabi_dsub                             0x080004eb   Thumb Code     6  dadd.o(.text)
    __aeabi_drsub                            0x080004f1   Thumb Code     6  dadd.o(.text)
    __aeabi_dmul                             0x080004f7   Thumb Code   228  dmul.o(.text)
    __aeabi_ddiv                             0x080005db   Thumb Code   222  ddiv.o(.text)
    __aeabi_i2f                              0x080006b9   Thumb Code    18  fflti.o(.text)
    __aeabi_ui2f                             0x080006cb   Thumb Code    10  ffltui.o(.text)
    __aeabi_i2d                              0x080006d5   Thumb Code    34  dflti.o(.text)
    __aeabi_f2iz                             0x080006f7   Thumb Code    50  ffixi.o(.text)
    __aeabi_f2uiz                            0x08000729   Thumb Code    40  ffixui.o(.text)
    __aeabi_d2iz                             0x08000751   Thumb Code    62  dfixi.o(.text)
    __aeabi_d2uiz                            0x0800078f   Thumb Code    50  dfixui.o(.text)
    __aeabi_f2d                              0x080007c1   Thumb Code    38  f2d.o(.text)
    __aeabi_cdcmpeq                          0x080007e9   Thumb Code     0  cdcmple.o(.text)
    __aeabi_cdcmple                          0x080007e9   Thumb Code    48  cdcmple.o(.text)
    __aeabi_cdrcmple                         0x08000819   Thumb Code    48  cdrcmple.o(.text)
    __aeabi_d2f                              0x08000849   Thumb Code    56  d2f.o(.text)
    __aeabi_cfcmpeq                          0x08000881   Thumb Code     0  cfcmple.o(.text)
    __aeabi_cfcmple                          0x08000881   Thumb Code    20  cfcmple.o(.text)
    __aeabi_cfrcmple                         0x08000895   Thumb Code    20  cfrcmple.o(.text)
    __aeabi_llsl                             0x080008a9   Thumb Code    30  llshl.o(.text)
    _ll_shift_l                              0x080008a9   Thumb Code     0  llshl.o(.text)
    __aeabi_llsr                             0x080008c7   Thumb Code    32  llushr.o(.text)
    _ll_ushift_r                             0x080008c7   Thumb Code     0  llushr.o(.text)
    __aeabi_lasr                             0x080008e7   Thumb Code    36  llsshr.o(.text)
    _ll_sshift_r                             0x080008e7   Thumb Code     0  llsshr.o(.text)
    __I$use$fp                               0x0800090b   Thumb Code     0  iusefp.o(.text)
    _float_round                             0x0800090b   Thumb Code    18  fepilogue.o(.text)
    _float_epilogue                          0x0800091d   Thumb Code    92  fepilogue.o(.text)
    _double_round                            0x08000979   Thumb Code    30  depilogue.o(.text)
    _double_epilogue                         0x08000997   Thumb Code   156  depilogue.o(.text)
    __scatterload                            0x08000a35   Thumb Code    28  init.o(.text)
    __scatterload_rt2                        0x08000a35   Thumb Code     0  init.o(.text)
    __ARM_scalbn                             0x08000a59   Thumb Code    46  dscalb.o(.text)
    scalbn                                   0x08000a59   Thumb Code     0  dscalb.o(.text)
    __decompress                             0x08000a87   Thumb Code     0  __dczerorl2.o(.text)
    __decompress1                            0x08000a87   Thumb Code    86  __dczerorl2.o(.text)
    Angle_control                            0x08000add   Thumb Code   116  control.o(i.Angle_control)
    AutoCalPllFactor                         0x08000b65   Thumb Code   102  system_mm32f327x.o(i.AutoCalPllFactor)
    BusFault_Handler                         0x08000bcb   Thumb Code     4  common.o(i.BusFault_Handler)
    DMA1_Channel1_IRQHandler                 0x08000c11   Thumb Code    20  isr.o(i.DMA1_Channel1_IRQHandler)
    DMA1_Channel2_IRQHandler                 0x08000c25   Thumb Code    20  isr.o(i.DMA1_Channel2_IRQHandler)
    DMA1_Channel3_IRQHandler                 0x08000c39   Thumb Code    22  isr.o(i.DMA1_Channel3_IRQHandler)
    DMA1_Channel4_IRQHandler                 0x08000c51   Thumb Code    62  isr.o(i.DMA1_Channel4_IRQHandler)
    DMA1_Channel5_IRQHandler                 0x08000c95   Thumb Code    22  isr.o(i.DMA1_Channel5_IRQHandler)
    DMA1_Channel6_IRQHandler                 0x08000cab   Thumb Code    22  isr.o(i.DMA1_Channel6_IRQHandler)
    DMA1_Channel7_IRQHandler                 0x08000cc1   Thumb Code    22  isr.o(i.DMA1_Channel7_IRQHandler)
    DMA2_Channel1_IRQHandler                 0x08000cd9   Thumb Code    20  isr.o(i.DMA2_Channel1_IRQHandler)
    DMA2_Channel2_IRQHandler                 0x08000cf1   Thumb Code    20  isr.o(i.DMA2_Channel2_IRQHandler)
    DMA2_Channel3_IRQHandler                 0x08000d09   Thumb Code    20  isr.o(i.DMA2_Channel3_IRQHandler)
    DMA2_Channel4_IRQHandler                 0x08000d21   Thumb Code    20  isr.o(i.DMA2_Channel4_IRQHandler)
    DMA2_Channel5_IRQHandler                 0x08000d39   Thumb Code    20  isr.o(i.DMA2_Channel5_IRQHandler)
    DMA_ClearFlag                            0x08000d51   Thumb Code    20  hal_dma.o(i.DMA_ClearFlag)
    DMA_Cmd                                  0x08000d6d   Thumb Code    12  hal_dma.o(i.DMA_Cmd)
    DMA_DeInit                               0x08000d79   Thumb Code    82  hal_dma.o(i.DMA_DeInit)
    DMA_GetFlagStatus                        0x08000dd5   Thumb Code    40  hal_dma.o(i.DMA_GetFlagStatus)
    DMA_ITConfig                             0x08000e05   Thumb Code    18  hal_dma.o(i.DMA_ITConfig)
    DMA_Init                                 0x08000e17   Thumb Code    70  hal_dma.o(i.DMA_Init)
    DebugMon_Handler                         0x08000e5d   Thumb Code     4  common.o(i.DebugMon_Handler)
    Different_Speed                          0x08000e61   Thumb Code    94  control.o(i.Different_Speed)
    EXTI0_IRQHandler                         0x08000ed9   Thumb Code    52  isr.o(i.EXTI0_IRQHandler)
    EXTI15_10_IRQHandler                     0x08000f11   Thumb Code   112  isr.o(i.EXTI15_10_IRQHandler)
    EXTI1_IRQHandler                         0x08000f81   Thumb Code    10  isr.o(i.EXTI1_IRQHandler)
    EXTI2_IRQHandler                         0x08000f8b   Thumb Code    10  isr.o(i.EXTI2_IRQHandler)
    EXTI3_IRQHandler                         0x08000f95   Thumb Code    10  isr.o(i.EXTI3_IRQHandler)
    EXTI4_IRQHandler                         0x08000f9f   Thumb Code    10  isr.o(i.EXTI4_IRQHandler)
    EXTI9_5_IRQHandler                       0x08000fa9   Thumb Code   122  isr.o(i.EXTI9_5_IRQHandler)
    EXTI_ClearFlag                           0x08001029   Thumb Code     6  hal_exti.o(i.EXTI_ClearFlag)
    EXTI_GetITStatus                         0x08001035   Thumb Code    28  hal_exti.o(i.EXTI_GetITStatus)
    EXTI_Init                                0x08001055   Thumb Code   210  hal_exti.o(i.EXTI_Init)
    EXTI_LineConfig                          0x0800112d   Thumb Code    56  hal_exti.o(i.EXTI_LineConfig)
    EXTI_StructInit                          0x08001169   Thumb Code    16  hal_exti.o(i.EXTI_StructInit)
    Encoder_Clean                            0x08001179   Thumb Code    16  motor.o(i.Encoder_Clean)
    Encoder_Get_Value                        0x08001189   Thumb Code    32  motor.o(i.Encoder_Get_Value)
    Encoder_init                             0x080011a9   Thumb Code    32  motor.o(i.Encoder_init)
    Get_Speed                                0x080011c9   Thumb Code   292  motor.o(i.Get_Speed)
    Gyro_control                             0x08001301   Thumb Code    82  control.o(i.Gyro_control)
    HardFault_Handler                        0x08001359   Thumb Code     4  common.o(i.HardFault_Handler)
    KEY_Read                                 0x0800135d   Thumb Code    96  key.o(i.KEY_Read)
    MemManage_Handler                        0x080013bd   Thumb Code     4  common.o(i.MemManage_Handler)
    NMI_Handler                              0x080013c1   Thumb Code     4  common.o(i.NMI_Handler)
    NVIC_Init                                0x080013c5   Thumb Code    96  hal_misc.o(i.NVIC_Init)
    PID_Angle                                0x08001431   Thumb Code   180  pid.o(i.PID_Angle)
    PID_DIFF                                 0x080014f1   Thumb Code   180  pid.o(i.PID_DIFF)
    PID_Gyro                                 0x080015b1   Thumb Code   180  pid.o(i.PID_Gyro)
    PID_Location                             0x08001671   Thumb Code   182  pid.o(i.PID_Location)
    PID_Location1                            0x08001735   Thumb Code   180  pid.o(i.PID_Location1)
    PID_MIDE                                 0x080017f5   Thumb Code   182  pid.o(i.PID_MIDE)
    PendSV_Handler                           0x080018b9   Thumb Code     4  common.o(i.PendSV_Handler)
    RCC_AHBPeriphClockCmd                    0x080018bd   Thumb Code    26  hal_rcc.o(i.RCC_AHBPeriphClockCmd)
    RCC_APB1PeriphClockCmd                   0x080018dd   Thumb Code    26  hal_rcc.o(i.RCC_APB1PeriphClockCmd)
    RCC_APB2PeriphClockCmd                   0x080018fd   Thumb Code    26  hal_rcc.o(i.RCC_APB2PeriphClockCmd)
    SVC_Handler                              0x0800191d   Thumb Code     4  common.o(i.SVC_Handler)
    Show_Line                                0x08001b45   Thumb Code   136  img_process.o(i.Show_Line)
    Speed_Control                            0x08001be5   Thumb Code   118  control.o(i.Speed_Control)
    Speed_Control_stop                       0x08001c6d   Thumb Code    92  control.o(i.Speed_Control_stop)
    SystemInit                               0x08001cd5   Thumb Code    82  system_mm32f327x.o(i.SystemInit)
    TIM1_UP_IRQHandler                       0x08001d39   Thumb Code    14  isr.o(i.TIM1_UP_IRQHandler)
    TIM2_IRQHandler                          0x08001d4d   Thumb Code    18  isr.o(i.TIM2_IRQHandler)
    TIM3_IRQHandler                          0x08001d61   Thumb Code    14  isr.o(i.TIM3_IRQHandler)
    TIM4_IRQHandler                          0x08001d75   Thumb Code    14  isr.o(i.TIM4_IRQHandler)
    TIM5_IRQHandler                          0x08001d89   Thumb Code    14  isr.o(i.TIM5_IRQHandler)
    TIM6_IRQHandler                          0x08001d9d   Thumb Code   226  isr.o(i.TIM6_IRQHandler)
    TIM7_IRQHandler                          0x08001ea5   Thumb Code    58  isr.o(i.TIM7_IRQHandler)
    TIM8_UP_IRQHandler                       0x08001ef1   Thumb Code    14  isr.o(i.TIM8_UP_IRQHandler)
    TIM_Cmd                                  0x08001f05   Thumb Code    22  hal_tim.o(i.TIM_Cmd)
    TIM_DMACmd                               0x08001f1b   Thumb Code    18  hal_tim.o(i.TIM_DMACmd)
    TIM_ETRClockMode1Config                  0x08001f2d   Thumb Code    32  hal_tim.o(i.TIM_ETRClockMode1Config)
    TIM_ETRConfig                            0x08001f4d   Thumb Code    44  hal_tim.o(i.TIM_ETRConfig)
    TIM_SelectInputTrigger                   0x08001f79   Thumb Code    12  hal_tim.o(i.TIM_SelectInputTrigger)
    TIM_SelectMasterSlaveMode                0x08001f85   Thumb Code    12  hal_tim.o(i.TIM_SelectMasterSlaveMode)
    TIM_SelectSlaveMode                      0x08001f91   Thumb Code    12  hal_tim.o(i.TIM_SelectSlaveMode)
    TIM_TimeBaseInit                         0x08001f9d   Thumb Code    98  hal_tim.o(i.TIM_TimeBaseInit)
    Turn_Control                             0x08002015   Thumb Code    80  control.o(i.Turn_Control)
    UART1_IRQHandler                         0x08002079   Thumb Code    54  isr.o(i.UART1_IRQHandler)
    UART2_IRQHandler                         0x080020b5   Thumb Code    54  isr.o(i.UART2_IRQHandler)
    UART3_IRQHandler                         0x080020f1   Thumb Code    54  isr.o(i.UART3_IRQHandler)
    UART4_IRQHandler                         0x0800212d   Thumb Code    54  isr.o(i.UART4_IRQHandler)
    UART5_IRQHandler                         0x08002169   Thumb Code    46  isr.o(i.UART5_IRQHandler)
    UART6_IRQHandler                         0x0800219d   Thumb Code    54  isr.o(i.UART6_IRQHandler)
    UART7_IRQHandler                         0x080021d9   Thumb Code    54  isr.o(i.UART7_IRQHandler)
    UART8_IRQHandler                         0x08002215   Thumb Code    86  isr.o(i.UART8_IRQHandler)
    Ultrasonic_init                          0x08002275   Thumb Code    32  ultrasonic.o(i.Ultrasonic_init)
    Ultrasonic_send                          0x08002295   Thumb Code    12  ultrasonic.o(i.Ultrasonic_send)
    UsageFault_Handler                       0x080022a1   Thumb Code     4  common.o(i.UsageFault_Handler)
    __ARM_fpclassify                         0x080022a5   Thumb Code    40  fpclassify.o(i.__ARM_fpclassify)
    __kernel_poly                            0x080022cd   Thumb Code   170  poly.o(i.__kernel_poly)
    __mathlib_dbl_infnan                     0x08002377   Thumb Code     6  dunder.o(i.__mathlib_dbl_infnan)
    __mathlib_dbl_infnan2                    0x0800237d   Thumb Code     4  dunder.o(i.__mathlib_dbl_infnan2)
    __mathlib_dbl_underflow                  0x08002381   Thumb Code    10  dunder.o(i.__mathlib_dbl_underflow)
    __scatterload_copy                       0x08002391   Thumb Code    14  handlers.o(i.__scatterload_copy)
    __scatterload_null                       0x0800239f   Thumb Code     2  handlers.o(i.__scatterload_null)
    __scatterload_zeroinit                   0x080023a1   Thumb Code    14  handlers.o(i.__scatterload_zeroinit)
    afio_init                                0x080023b1   Thumb Code   218  zf_gpio.o(i.afio_init)
    angle_calc                               0x08002495   Thumb Code   106  seekfree_icm20602.o(i.angle_calc)
    atan                                     0x08002515   Thumb Code   474  atan.o(i.atan)
    atan2                                    0x08002735   Thumb Code   346  atan2.o(i.atan2)
    board_init                               0x080028b5   Thumb Code    24  board.o(i.board_init)
    camera_dma_init                          0x080028cd   Thumb Code   122  zf_camera.o(i.camera_dma_init)
    camera_tim_etr_init                      0x08002949   Thumb Code   280  zf_camera.o(i.camera_tim_etr_init)
    centre_line_get                          0x08002a65   Thumb Code   174  img_process.o(i.centre_line_get)
    erzhihua                                 0x08002b2d   Thumb Code    88  img_process.o(i.erzhihua)
    exti_interrupt_init                      0x08002b91   Thumb Code   206  zf_exti.o(i.exti_interrupt_init)
    find_Inflection_A                        0x08002c65   Thumb Code   396  img_process.o(i.find_Inflection_A)
    find_Inflection_B                        0x08002dfd   Thumb Code   140  img_process.o(i.find_Inflection_B)
    find_Inflection_C                        0x08002e95   Thumb Code   222  img_process.o(i.find_Inflection_C)
    fun0                                     0x08002f85   Thumb Code    54  menu.o(i.fun0)
    fun1                                     0x08003011   Thumb Code    58  menu.o(i.fun1)
    fun10                                    0x08003085   Thumb Code    66  menu.o(i.fun10)
    fun11                                    0x08003105   Thumb Code    56  menu.o(i.fun11)
    fun12                                    0x08003175   Thumb Code    54  menu.o(i.fun12)
    fun13                                    0x08003201   Thumb Code    92  menu.o(i.fun13)
    fun14                                    0x0800329d   Thumb Code   106  menu.o(i.fun14)
    fun15                                    0x08003349   Thumb Code    92  menu.o(i.fun15)
    fun16                                    0x080033e5   Thumb Code   106  menu.o(i.fun16)
    fun17                                    0x08003491   Thumb Code    92  menu.o(i.fun17)
    fun18                                    0x08003531   Thumb Code   106  menu.o(i.fun18)
    fun19                                    0x080035e1   Thumb Code    92  menu.o(i.fun19)
    fun2                                     0x08003681   Thumb Code    68  menu.o(i.fun2)
    fun20                                    0x080036fd   Thumb Code   106  menu.o(i.fun20)
    fun21                                    0x080037ad   Thumb Code    92  menu.o(i.fun21)
    fun22                                    0x08003849   Thumb Code    54  menu.o(i.fun22)
    fun23                                    0x080038d9   Thumb Code    92  menu.o(i.fun23)
    fun24                                    0x08003971   Thumb Code   104  menu.o(i.fun24)
    fun25                                    0x08003a15   Thumb Code    92  menu.o(i.fun25)
    fun26                                    0x08003aad   Thumb Code   104  menu.o(i.fun26)
    fun27                                    0x08003b51   Thumb Code    92  menu.o(i.fun27)
    fun28                                    0x08003be5   Thumb Code   102  menu.o(i.fun28)
    fun29                                    0x08003c85   Thumb Code    92  menu.o(i.fun29)
    fun3                                     0x08003d19   Thumb Code    58  menu.o(i.fun3)
    fun30                                    0x08003d8d   Thumb Code   102  menu.o(i.fun30)
    fun31                                    0x08003e2d   Thumb Code    92  menu.o(i.fun31)
    fun32                                    0x08003ec1   Thumb Code    54  menu.o(i.fun32)
    fun33                                    0x08003f51   Thumb Code    70  menu.o(i.fun33)
    fun34                                    0x08003fe5   Thumb Code    76  menu.o(i.fun34)
    fun35                                    0x0800407d   Thumb Code    70  menu.o(i.fun35)
    fun36                                    0x08004111   Thumb Code    76  menu.o(i.fun36)
    fun37                                    0x080041a9   Thumb Code    70  menu.o(i.fun37)
    fun38                                    0x0800423d   Thumb Code   124  menu.o(i.fun38)
    fun39                                    0x0800430d   Thumb Code   128  menu.o(i.fun39)
    fun4                                     0x080043e1   Thumb Code    68  menu.o(i.fun4)
    fun40                                    0x0800445d   Thumb Code   118  menu.o(i.fun40)
    fun41                                    0x08004529   Thumb Code   128  menu.o(i.fun41)
    fun42                                    0x080045fd   Thumb Code   118  menu.o(i.fun42)
    fun43                                    0x080046c9   Thumb Code   128  menu.o(i.fun43)
    fun44                                    0x0800479d   Thumb Code   118  menu.o(i.fun44)
    fun45                                    0x08004869   Thumb Code   128  menu.o(i.fun45)
    fun46                                    0x0800493d   Thumb Code   118  menu.o(i.fun46)
    fun47                                    0x08004a05   Thumb Code    70  menu.o(i.fun47)
    fun5                                     0x08004a99   Thumb Code    58  menu.o(i.fun5)
    fun6                                     0x08004b09   Thumb Code    54  menu.o(i.fun6)
    fun7                                     0x08004b95   Thumb Code    56  menu.o(i.fun7)
    fun8                                     0x08004c09   Thumb Code    66  menu.o(i.fun8)
    fun9                                     0x08004c89   Thumb Code    56  menu.o(i.fun9)
    get_Angle_Balance1                       0x08004cfd   Thumb Code   102  seekfree_icm20602.o(i.get_Angle_Balance1)
    get_Gyro_Balance1                        0x08004d6d   Thumb Code   128  seekfree_icm20602.o(i.get_Gyro_Balance1)
    get_config                               0x08004e01   Thumb Code    96  seekfree_mt9v03x.o(i.get_config)
    get_longest_col                          0x08004e69   Thumb Code   144  img_process.o(i.get_longest_col)
    get_shortest_col                         0x08004f0d   Thumb Code   140  img_process.o(i.get_shortest_col)
    gpio_get                                 0x08004fa1   Thumb Code    32  zf_gpio.o(i.gpio_get)
    gpio_init                                0x08004fc5   Thumb Code   322  zf_gpio.o(i.gpio_init)
    gpio_set                                 0x08005111   Thumb Code    68  zf_gpio.o(i.gpio_set)
    icm20602_init_spi                        0x08005159   Thumb Code   150  seekfree_icm20602.o(i.icm20602_init_spi)
    if_black_white                           0x080052d9   Thumb Code   178  img_process.o(i.if_black_white)
    if_stop                                  0x08005399   Thumb Code    50  img_process.o(i.if_stop)
    ips114_clear                             0x080053d9   Thumb Code    48  seekfree_ips114_spi.o(i.ips114_clear)
    ips114_displayimage032                   0x08005409   Thumb Code   140  seekfree_ips114_spi.o(i.ips114_displayimage032)
    ips114_init                              0x08005495   Thumb Code   508  seekfree_ips114_spi.o(i.ips114_init)
    ips114_showchar                          0x080056e5   Thumb Code   106  seekfree_ips114_spi.o(i.ips114_showchar)
    ips114_showint16                         0x08005755   Thumb Code   194  seekfree_ips114_spi.o(i.ips114_showint16)
    ips114_showint32                         0x08005819   Thumb Code   104  seekfree_ips114_spi.o(i.ips114_showint32)
    ips114_showstr                           0x08005885   Thumb Code    50  seekfree_ips114_spi.o(i.ips114_showstr)
    is_Branch                                0x08005995   Thumb Code   200  img_process.o(i.is_Branch)
    is_Straight                              0x08005a79   Thumb Code   286  img_process.o(i.is_Straight)
    judge_Branch                             0x08005ba1   Thumb Code   132  img_process.o(i.judge_Branch)
    judge_Ring                               0x08005c41   Thumb Code   448  img_process.o(i.judge_Ring)
    judge_relay                              0x08005e1d   Thumb Code    94  img_process.o(i.judge_relay)
    key_init                                 0x08005e89   Thumb Code    52  key.o(i.key_init)
    key_ips                                  0x08005ebd   Thumb Code   104  key.o(i.key_ips)
    main                                     0x08005f35   Thumb Code    96  main.o(i.main)
    menu_key                                 0x08005f99   Thumb Code    94  menu.o(i.menu_key)
    motor_init                               0x08006001   Thumb Code    60  motor.o(i.motor_init)
    mt9v03x_dma                              0x0800603d   Thumb Code    22  seekfree_mt9v03x.o(i.mt9v03x_dma)
    mt9v03x_dma_init                         0x0800605d   Thumb Code    68  seekfree_mt9v03x.o(i.mt9v03x_dma_init)
    mt9v03x_exti_init                        0x080060ad   Thumb Code    40  seekfree_mt9v03x.o(i.mt9v03x_exti_init)
    mt9v03x_init                             0x080060d5   Thumb Code   108  seekfree_mt9v03x.o(i.mt9v03x_init)
    mt9v03x_tim1_etr_init                    0x08006159   Thumb Code    14  seekfree_mt9v03x.o(i.mt9v03x_tim1_etr_init)
    mt9v03x_uart_callback                    0x08006169   Thumb Code    66  seekfree_mt9v03x.o(i.mt9v03x_uart_callback)
    mt9v03x_vsync                            0x080061bd   Thumb Code    20  seekfree_mt9v03x.o(i.mt9v03x_vsync)
    my_abs                                   0x080061d5   Thumb Code    14  control.o(i.my_abs)
    number_conversion_ascii                  0x080061e3   Thumb Code   136  seekfree_printf.o(i.number_conversion_ascii)
    nvic_init                                0x0800626b   Thumb Code    36  common.o(i.nvic_init)
    ov7725_cof_uart_interrupt                0x08006291   Thumb Code    66  seekfree_uart_7725.o(i.ov7725_cof_uart_interrupt)
    ov7725_dma                               0x080062e5   Thumb Code    22  seekfree_7725.o(i.ov7725_dma)
    ov7725_uart_dma                          0x08006305   Thumb Code    22  seekfree_uart_7725.o(i.ov7725_uart_dma)
    ov7725_uart_vsync                        0x08006325   Thumb Code    20  seekfree_uart_7725.o(i.ov7725_uart_vsync)
    ov7725_vsync                             0x0800633d   Thumb Code    20  seekfree_7725.o(i.ov7725_vsync)
    pit_init                                 0x08006355   Thumb Code    24  motor.o(i.pit_init)
    printf_reverse_order                     0x0800636d   Thumb Code    34  seekfree_printf.o(i.printf_reverse_order)
    pwm_duty_updata                          0x08006391   Thumb Code   168  zf_pwm.o(i.pwm_duty_updata)
    pwm_init                                 0x08006441   Thumb Code   632  zf_pwm.o(i.pwm_init)
    receive_message                          0x080066dd   Thumb Code    20  img_process.o(i.receive_message)
    refresh_current_element                  0x080066f1   Thumb Code   144  img_process.o(i.refresh_current_element)
    relay_start                              0x080067a1   Thumb Code    18  img_process.o(i.relay_start)
    repair_Branch                            0x080067b5   Thumb Code   230  img_process.o(i.repair_Branch)
    repair_Ring                              0x080068b9   Thumb Code  2028  img_process.o(i.repair_Ring)
    repair_Zebra                             0x080070d1   Thumb Code    92  img_process.o(i.repair_Zebra)
    seekfree_wireless_init                   0x08007139   Thumb Code    20  seekfree_wireless.o(i.seekfree_wireless_init)
    send_message                             0x0800714d   Thumb Code    14  img_process.o(i.send_message)
    set_Speed                                0x0800715d   Thumb Code   424  motor.o(i.set_Speed)
    set_config                               0x08007315   Thumb Code   110  seekfree_mt9v03x.o(i.set_config)
    set_exposure_time                        0x0800738d   Thumb Code    74  seekfree_mt9v03x.o(i.set_exposure_time)
    spi_init                                 0x080073e1   Thumb Code   434  zf_spi.o(i.spi_init)
    spi_mosi                                 0x080075a1   Thumb Code    76  zf_spi.o(i.spi_mosi)
    systick_delay                            0x08007649   Thumb Code    38  zf_systick.o(i.systick_delay)
    systick_delay_ms                         0x08007671   Thumb Code    34  zf_systick.o(i.systick_delay_ms)
    threshold_init                           0x08007699   Thumb Code    40  img_process.o(i.threshold_init)
    tim_encoder_get_count                    0x080076c9   Thumb Code    46  zf_tim.o(i.tim_encoder_get_count)
    tim_encoder_init                         0x080076fd   Thumb Code   232  zf_tim.o(i.tim_encoder_init)
    tim_encoder_rst                          0x08007801   Thumb Code    30  zf_tim.o(i.tim_encoder_rst)
    tim_interrupt_enable                     0x08007825   Thumb Code    30  zf_pit.o(i.tim_interrupt_enable)
    tim_interrupt_init                       0x08007849   Thumb Code   216  zf_pit.o(i.tim_interrupt_init)
    trackBorder_Get                          0x08007935   Thumb Code   502  img_process.o(i.trackBorder_Get)
    uart_getchar                             0x08007b75   Thumb Code    30  zf_uart.o(i.uart_getchar)
    uart_init                                0x08007b99   Thumb Code   392  zf_uart.o(i.uart_init)
    uart_putbuff                             0x08007d51   Thumb Code    42  zf_uart.o(i.uart_putbuff)
    uart_putchar                             0x08007d81   Thumb Code    28  zf_uart.o(i.uart_putchar)
    uart_rx_irq                              0x08007da1   Thumb Code    66  zf_uart.o(i.uart_rx_irq)
    weight_array_init                        0x08007ded   Thumb Code    50  img_process.o(i.weight_array_init)
    zf_sprintf                               0x08007e29   Thumb Code   736  seekfree_printf.o(i.zf_sprintf)
    tft_ascii                                0x0800810c   Data        1520  seekfree_font.o(.constdata)
    gImage_qq                                0x080086fc   Data        3200  seekfree_font.o(.constdata)
    chinese_test                             0x0800937c   Data         128  seekfree_font.o(.constdata)
    oled_6x8                                 0x080093fc   Data         552  seekfree_font.o(.constdata)
    oled_8x16                                0x08009624   Data        1520  seekfree_font.o(.constdata)
    oled_16x16_chinese                       0x08009c14   Data         128  seekfree_font.o(.constdata)
    __mathlib_zero                           0x08009d30   Data           8  qnan.o(.constdata)
    Region$$Table$$Base                      0x08009d38   Number         0  anon$$obj.o(Region$$Table)
    Region$$Table$$Limit                     0x08009d58   Number         0  anon$$obj.o(Region$$Table)
    image_flag                               0x20000000   Data           1  isr.o(.data)
    ips_flag                                 0x2000000d   Data           1  main.o(.data)
    run_flag                                 0x2000000e   Data           1  main.o(.data)
    valid_row                                0x20000010   Data           2  img_process.o(.data)
    longest_col                              0x20000012   Data           2  img_process.o(.data)
    shortest_col                             0x20000014   Data           2  img_process.o(.data)
    Threshold                                0x20000016   Data           1  img_process.o(.data)
    delta                                    0x20000018   Data           2  img_process.o(.data)
    EdgeL                                    0x2000001a   Data           2  img_process.o(.data)
    EdgeR                                    0x2000001c   Data           2  img_process.o(.data)
    lastEdgeL                                0x2000001e   Data           2  img_process.o(.data)
    lastEdgeR                                0x20000020   Data           2  img_process.o(.data)
    searsh_mid_line                          0x20000022   Data           2  img_process.o(.data)
    lostLeft_Sign                            0x20000024   Data           2  img_process.o(.data)
    lostRight_Sign                           0x20000026   Data           2  img_process.o(.data)
    leftLostLine_Cnt                         0x20000028   Data           2  img_process.o(.data)
    rightLostLine_Cnt                        0x2000002a   Data           2  img_process.o(.data)
    stateRing_Sign                           0x2000002c   Data           1  img_process.o(.data)
    directRing_Sign                          0x2000002d   Data           1  img_process.o(.data)
    stateBranch_Sign                         0x2000002e   Data           1  img_process.o(.data)
    directBranch_Sign                        0x2000002f   Data           1  img_process.o(.data)
    branch_num                               0x20000030   Data           2  img_process.o(.data)
    narrow_track_num                         0x20000032   Data           2  img_process.o(.data)
    stateGarage_Sign                         0x20000034   Data           1  img_process.o(.data)
    directGarage_Sign                        0x20000035   Data           1  img_process.o(.data)
    stateRelay_Sign                          0x20000036   Data           1  img_process.o(.data)
    repair_Cnt                               0x20000038   Data           2  img_process.o(.data)
    d_neg                                    0x2000003a   Data           2  img_process.o(.data)
    d_pos                                    0x2000003c   Data           2  img_process.o(.data)
    min_Length                               0x2000003e   Data           2  img_process.o(.data)
    min_Length_Index                         0x20000040   Data           2  img_process.o(.data)
    track                                    0x20000042   Data           1  img_process.o(.data)
    default_judge_line                       0x20000044   Data           2  img_process.o(.data)
    centre_Delta_Exceed_Cnt                  0x20000046   Data           1  img_process.o(.data)
    left_Delta_Exceed_Cnt                    0x20000047   Data           1  img_process.o(.data)
    right_Delta_Exceed_Cnt                   0x20000048   Data           1  img_process.o(.data)
    inflection_A                             0x2000004a   Data           2  img_process.o(.data)
    inflection_B                             0x2000004c   Data           2  img_process.o(.data)
    inflection_C                             0x2000004e   Data           2  img_process.o(.data)
    inflection_G                             0x20000050   Data           2  img_process.o(.data)
    stop_flag                                0x20000052   Data           1  img_process.o(.data)
    zebra_flag                               0x20000053   Data           1  img_process.o(.data)
    current_element                          0x20000054   Data           1  img_process.o(.data)
    m                                        0x20000055   Data           1  img_process.o(.data)
    trackBorder_Get_Cnt                      0x20000056   Data           1  img_process.o(.data)
    last_start                               0x20000058   Data           2  img_process.o(.data)
    curvature                                0x2000005c   Data           4  img_process.o(.data)
    duty_L                                   0x20000068   Data           1  motor.o(.data)
    duty_R                                   0x20000069   Data           1  motor.o(.data)
    dir_L                                    0x2000006a   Data           1  motor.o(.data)
    dir_R                                    0x2000006b   Data           1  motor.o(.data)
    time                                     0x20000070   Data           8  motor.o(.data)
    speed_1                                  0x20000078   Data           8  motor.o(.data)
    speed_2                                  0x20000080   Data           8  motor.o(.data)
    current_speed                            0x20000088   Data           8  control.o(.data)
    car_speed                                0x20000090   Data           4  control.o(.data)
    angle                                    0x20000094   Data           4  control.o(.data)
    element_flag                             0x20000098   Data           1  control.o(.data)
    direction_error                          0x2000009c   Data           4  control.o(.data)
    average_error                            0x200000a0   Data           4  control.o(.data)
    mideview                                 0x200000a4   Data           4  control.o(.data)
    different                                0x200000a8   Data           4  control.o(.data)
    different1                               0x200000ac   Data           4  control.o(.data)
    gyro_zz                                  0x200000b0   Data           4  control.o(.data)
    sp_1_kp                                  0x200000b4   Data           4  control.o(.data)
    sp_1_kd                                  0x200000b8   Data           4  control.o(.data)
    DifferentSpeed_PID                       0x200000bc   Data          28  control.o(.data)
    Mide_PID                                 0x200000d8   Data          28  control.o(.data)
    Speed_Left_PID                           0x200000f4   Data          28  control.o(.data)
    Speed_Right_PID                          0x20000110   Data          28  control.o(.data)
    temp_length                              0x2000012c   Data           4  control.o(.data)
    length_count                             0x20000130   Data           1  control.o(.data)
    round_length                             0x20000134   Data           4  control.o(.data)
    Breakaway_flag                           0x20000138   Data           1  control.o(.data)
    Angle_PID                                0x2000013c   Data          28  control.o(.data)
    Gyro_PID                                 0x20000158   Data          28  control.o(.data)
    Speed_Left_Stop_PID                      0x20000174   Data          28  control.o(.data)
    Speed_Right_Stop_PID                     0x20000190   Data          28  control.o(.data)
    mode                                     0x200001ac   Data           1  menu.o(.data)
    table                                    0x200001b0   Data         448  menu.o(.data)
    func_index                               0x20000370   Data           1  menu.o(.data)
    camera_type                              0x20000374   Data           1  common.o(.data)
    camera_buffer_addr                       0x20000378   Data           4  common.o(.data)
    SystemCoreClock                          0x2000037c   Data           4  system_mm32f327x.o(.data)
    AHBPrescTable                            0x20000380   Data          16  system_mm32f327x.o(.data)
    gpio_group                               0x20000390   Data          32  zf_gpio.o(.data)
    spi_index                                0x200003b0   Data          12  zf_spi.o(.data)
    tim_index                                0x200003bc   Data          32  zf_tim.o(.data)
    uart_index                               0x200003dc   Data          32  zf_uart.o(.data)
    uart_irq                                 0x200003fc   Data           8  zf_uart.o(.data)
    ov7725_finish_flag                       0x20000404   Data           1  seekfree_7725.o(.data)
    icm_gyro_x                               0x20000408   Data           2  seekfree_icm20602.o(.data)
    icm_gyro_y                               0x2000040a   Data           2  seekfree_icm20602.o(.data)
    icm_gyro_z                               0x2000040c   Data           2  seekfree_icm20602.o(.data)
    icm_acc_x                                0x2000040e   Data           2  seekfree_icm20602.o(.data)
    icm_acc_y                                0x20000410   Data           2  seekfree_icm20602.o(.data)
    icm_acc_z                                0x20000412   Data           2  seekfree_icm20602.o(.data)
    gyro1                                    0x20000414   Data           4  seekfree_icm20602.o(.data)
    gyro2                                    0x20000418   Data           4  seekfree_icm20602.o(.data)
    mt9v03x_finish_flag                      0x20000422   Data           1  seekfree_mt9v03x.o(.data)
    MT9V03X_CFG                              0x20000428   Data          36  seekfree_mt9v03x.o(.data)
    GET_CFG                                  0x2000044c   Data          32  seekfree_mt9v03x.o(.data)
    ov7725_uart_finish_flag                  0x2000046c   Data           1  seekfree_uart_7725.o(.data)
    OV7725_CFG                               0x2000046e   Data          24  seekfree_uart_7725.o(.data)
    OV7725_GET_CFG                           0x20000486   Data          20  seekfree_uart_7725.o(.data)
    image                                    0x200004a0   Data       22560  img_process.o(.bss)
    threshold                                0x20005cc0   Data         120  img_process.o(.bss)
    weight_array                             0x20005d38   Data         240  img_process.o(.bss)
    track_Width                              0x20005e28   Data         240  img_process.o(.bss)
    Border                                   0x20005f18   Data         720  img_process.o(.bss)
    halftrack_Width                          0x200061e8   Data         240  img_process.o(.bss)
    islost_record                            0x200062d8   Data         360  img_process.o(.bss)
    col_length                               0x20006440   Data         376  img_process.o(.bss)
    mt9v03x_image                            0x200065b8   Data       22560  seekfree_mt9v03x.o(.bss)
    __initial_sp                             0x2000c1d8   Data           0  startup_mm32f327x_keil.o(STACK)



==============================================================================

Memory Map of the image

  Image Entry point : 0x08000191

  Load Region LR_IROM1 (Base: 0x08000000, Size: 0x0000a1f8, Max: 0x00080000, ABSOLUTE, COMPRESSED[0x00009fa8])

    Execution Region ER_IROM1 (Exec base: 0x08000000, Load base: 0x08000000, Size: 0x00009d58, Max: 0x00080000, ABSOLUTE)

    Exec Addr    Load Addr    Size         Type   Attr      Idx    E Section Name        Object

    0x08000000   0x08000000   0x00000190   Data   RO         1811    RESET               startup_mm32f327x_keil.o
    0x08000190   0x08000190   0x00000000   Code   RO         8128  * .ARM.Collect$$$$00000000  mc_w.l(entry.o)
    0x08000190   0x08000190   0x00000004   Code   RO         8206    .ARM.Collect$$$$00000001  mc_w.l(entry2.o)
    0x08000194   0x08000194   0x00000004   Code   RO         8209    .ARM.Collect$$$$00000004  mc_w.l(entry5.o)
    0x08000198   0x08000198   0x00000000   Code   RO         8211    .ARM.Collect$$$$00000008  mc_w.l(entry7b.o)
    0x08000198   0x08000198   0x00000000   Code   RO         8213    .ARM.Collect$$$$0000000A  mc_w.l(entry8b.o)
    0x08000198   0x08000198   0x00000008   Code   RO         8214    .ARM.Collect$$$$0000000B  mc_w.l(entry9a.o)
    0x080001a0   0x080001a0   0x00000000   Code   RO         8216    .ARM.Collect$$$$0000000D  mc_w.l(entry10a.o)
    0x080001a0   0x080001a0   0x00000000   Code   RO         8218    .ARM.Collect$$$$0000000F  mc_w.l(entry11a.o)
    0x080001a0   0x080001a0   0x00000004   Code   RO         8207    .ARM.Collect$$$$00002712  mc_w.l(entry2.o)
    0x080001a4   0x080001a4   0x00000024   Code   RO         1812    .text               startup_mm32f327x_keil.o
    0x080001c8   0x080001c8   0x00000008   Code   RO         8133    .text               mc_w.l(siabs.o)
    0x080001d0   0x080001d0   0x00000024   Code   RO         8137    .text               mc_w.l(memcpya.o)
    0x080001f4   0x080001f4   0x00000024   Code   RO         8139    .text               mc_w.l(memseta.o)
    0x08000218   0x08000218   0x000000b0   Code   RO         8143    .text               mf_w.l(fadd.o)
    0x080002c8   0x080002c8   0x00000064   Code   RO         8145    .text               mf_w.l(fmul.o)
    0x0800032c   0x0800032c   0x0000007c   Code   RO         8147    .text               mf_w.l(fdiv.o)
    0x080003a8   0x080003a8   0x0000014e   Code   RO         8149    .text               mf_w.l(dadd.o)
    0x080004f6   0x080004f6   0x000000e4   Code   RO         8151    .text               mf_w.l(dmul.o)
    0x080005da   0x080005da   0x000000de   Code   RO         8153    .text               mf_w.l(ddiv.o)
    0x080006b8   0x080006b8   0x00000012   Code   RO         8155    .text               mf_w.l(fflti.o)
    0x080006ca   0x080006ca   0x0000000a   Code   RO         8157    .text               mf_w.l(ffltui.o)
    0x080006d4   0x080006d4   0x00000022   Code   RO         8159    .text               mf_w.l(dflti.o)
    0x080006f6   0x080006f6   0x00000032   Code   RO         8161    .text               mf_w.l(ffixi.o)
    0x08000728   0x08000728   0x00000028   Code   RO         8163    .text               mf_w.l(ffixui.o)
    0x08000750   0x08000750   0x0000003e   Code   RO         8165    .text               mf_w.l(dfixi.o)
    0x0800078e   0x0800078e   0x00000032   Code   RO         8167    .text               mf_w.l(dfixui.o)
    0x080007c0   0x080007c0   0x00000026   Code   RO         8169    .text               mf_w.l(f2d.o)
    0x080007e6   0x080007e6   0x00000002   PAD
    0x080007e8   0x080007e8   0x00000030   Code   RO         8171    .text               mf_w.l(cdcmple.o)
    0x08000818   0x08000818   0x00000030   Code   RO         8173    .text               mf_w.l(cdrcmple.o)
    0x08000848   0x08000848   0x00000038   Code   RO         8175    .text               mf_w.l(d2f.o)
    0x08000880   0x08000880   0x00000014   Code   RO         8177    .text               mf_w.l(cfcmple.o)
    0x08000894   0x08000894   0x00000014   Code   RO         8179    .text               mf_w.l(cfrcmple.o)
    0x080008a8   0x080008a8   0x0000001e   Code   RO         8220    .text               mc_w.l(llshl.o)
    0x080008c6   0x080008c6   0x00000020   Code   RO         8222    .text               mc_w.l(llushr.o)
    0x080008e6   0x080008e6   0x00000024   Code   RO         8224    .text               mc_w.l(llsshr.o)
    0x0800090a   0x0800090a   0x00000000   Code   RO         8233    .text               mc_w.l(iusefp.o)
    0x0800090a   0x0800090a   0x0000006e   Code   RO         8234    .text               mf_w.l(fepilogue.o)
    0x08000978   0x08000978   0x000000ba   Code   RO         8238    .text               mf_w.l(depilogue.o)
    0x08000a32   0x08000a32   0x00000002   PAD
    0x08000a34   0x08000a34   0x00000024   Code   RO         8244    .text               mc_w.l(init.o)
    0x08000a58   0x08000a58   0x0000002e   Code   RO         8246    .text               mf_w.l(dscalb.o)
    0x08000a86   0x08000a86   0x00000056   Code   RO         8256    .text               mc_w.l(__dczerorl2.o)
    0x08000adc   0x08000adc   0x00000088   Code   RO          932    i.Angle_control     control.o
    0x08000b64   0x08000b64   0x00000066   Code   RO         1764    i.AutoCalPllFactor  system_mm32f327x.o
    0x08000bca   0x08000bca   0x00000004   Code   RO         1630    i.BusFault_Handler  common.o
    0x08000bce   0x08000bce   0x00000042   Code   RO         1765    i.DELAY_xUs         system_mm32f327x.o
    0x08000c10   0x08000c10   0x00000014   Code   RO            4    i.DMA1_Channel1_IRQHandler  isr.o
    0x08000c24   0x08000c24   0x00000014   Code   RO            5    i.DMA1_Channel2_IRQHandler  isr.o
    0x08000c38   0x08000c38   0x00000016   Code   RO            6    i.DMA1_Channel3_IRQHandler  isr.o
    0x08000c4e   0x08000c4e   0x00000002   PAD
    0x08000c50   0x08000c50   0x00000044   Code   RO            7    i.DMA1_Channel4_IRQHandler  isr.o
    0x08000c94   0x08000c94   0x00000016   Code   RO            8    i.DMA1_Channel5_IRQHandler  isr.o
    0x08000caa   0x08000caa   0x00000016   Code   RO            9    i.DMA1_Channel6_IRQHandler  isr.o
    0x08000cc0   0x08000cc0   0x00000016   Code   RO           10    i.DMA1_Channel7_IRQHandler  isr.o
    0x08000cd6   0x08000cd6   0x00000002   PAD
    0x08000cd8   0x08000cd8   0x00000018   Code   RO           11    i.DMA2_Channel1_IRQHandler  isr.o
    0x08000cf0   0x08000cf0   0x00000018   Code   RO           12    i.DMA2_Channel2_IRQHandler  isr.o
    0x08000d08   0x08000d08   0x00000018   Code   RO           13    i.DMA2_Channel3_IRQHandler  isr.o
    0x08000d20   0x08000d20   0x00000018   Code   RO           14    i.DMA2_Channel4_IRQHandler  isr.o
    0x08000d38   0x08000d38   0x00000018   Code   RO           15    i.DMA2_Channel5_IRQHandler  isr.o
    0x08000d50   0x08000d50   0x0000001c   Code   RO         4768    i.DMA_ClearFlag     hal_dma.o
    0x08000d6c   0x08000d6c   0x0000000c   Code   RO         4770    i.DMA_Cmd           hal_dma.o
    0x08000d78   0x08000d78   0x0000005c   Code   RO         4771    i.DMA_DeInit        hal_dma.o
    0x08000dd4   0x08000dd4   0x00000030   Code   RO         4773    i.DMA_GetFlagStatus  hal_dma.o
    0x08000e04   0x08000e04   0x00000012   Code   RO         4775    i.DMA_ITConfig      hal_dma.o
    0x08000e16   0x08000e16   0x00000046   Code   RO         4776    i.DMA_Init          hal_dma.o
    0x08000e5c   0x08000e5c   0x00000004   Code   RO         1631    i.DebugMon_Handler  common.o
    0x08000e60   0x08000e60   0x00000078   Code   RO          933    i.Different_Speed   control.o
    0x08000ed8   0x08000ed8   0x00000038   Code   RO           16    i.EXTI0_IRQHandler  isr.o
    0x08000f10   0x08000f10   0x00000070   Code   RO           17    i.EXTI15_10_IRQHandler  isr.o
    0x08000f80   0x08000f80   0x0000000a   Code   RO           18    i.EXTI1_IRQHandler  isr.o
    0x08000f8a   0x08000f8a   0x0000000a   Code   RO           19    i.EXTI2_IRQHandler  isr.o
    0x08000f94   0x08000f94   0x0000000a   Code   RO           20    i.EXTI3_IRQHandler  isr.o
    0x08000f9e   0x08000f9e   0x0000000a   Code   RO           21    i.EXTI4_IRQHandler  isr.o
    0x08000fa8   0x08000fa8   0x00000080   Code   RO           22    i.EXTI9_5_IRQHandler  isr.o
    0x08001028   0x08001028   0x0000000c   Code   RO         5381    i.EXTI_ClearFlag    hal_exti.o
    0x08001034   0x08001034   0x00000020   Code   RO         5386    i.EXTI_GetITStatus  hal_exti.o
    0x08001054   0x08001054   0x000000d8   Code   RO         5387    i.EXTI_Init         hal_exti.o
    0x0800112c   0x0800112c   0x0000003c   Code   RO         5388    i.EXTI_LineConfig   hal_exti.o
    0x08001168   0x08001168   0x00000010   Code   RO         5389    i.EXTI_StructInit   hal_exti.o
    0x08001178   0x08001178   0x00000010   Code   RO          869    i.Encoder_Clean     motor.o
    0x08001188   0x08001188   0x00000020   Code   RO          870    i.Encoder_Get_Value  motor.o
    0x080011a8   0x080011a8   0x00000020   Code   RO          871    i.Encoder_init      motor.o
    0x080011c8   0x080011c8   0x00000138   Code   RO          872    i.Get_Speed         motor.o
    0x08001300   0x08001300   0x00000058   Code   RO          934    i.Gyro_control      control.o
    0x08001358   0x08001358   0x00000004   Code   RO         1632    i.HardFault_Handler  common.o
    0x0800135c   0x0800135c   0x00000060   Code   RO         1008    i.KEY_Read          key.o
    0x080013bc   0x080013bc   0x00000004   Code   RO         1633    i.MemManage_Handler  common.o
    0x080013c0   0x080013c0   0x00000004   Code   RO         1634    i.NMI_Handler       common.o
    0x080013c4   0x080013c4   0x0000006c   Code   RO         6101    i.NVIC_Init         hal_misc.o
    0x08001430   0x08001430   0x000000c0   Code   RO         1363    i.PID_Angle         pid.o
    0x080014f0   0x080014f0   0x000000c0   Code   RO         1364    i.PID_DIFF          pid.o
    0x080015b0   0x080015b0   0x000000c0   Code   RO         1365    i.PID_Gyro          pid.o
    0x08001670   0x08001670   0x000000c4   Code   RO         1367    i.PID_Location      pid.o
    0x08001734   0x08001734   0x000000c0   Code   RO         1368    i.PID_Location1     pid.o
    0x080017f4   0x080017f4   0x000000c4   Code   RO         1369    i.PID_MIDE          pid.o
    0x080018b8   0x080018b8   0x00000004   Code   RO         1635    i.PendSV_Handler    common.o
    0x080018bc   0x080018bc   0x00000020   Code   RO         6254    i.RCC_AHBPeriphClockCmd  hal_rcc.o
    0x080018dc   0x080018dc   0x00000020   Code   RO         6257    i.RCC_APB1PeriphClockCmd  hal_rcc.o
    0x080018fc   0x080018fc   0x00000020   Code   RO         6260    i.RCC_APB2PeriphClockCmd  hal_rcc.o
    0x0800191c   0x0800191c   0x00000004   Code   RO         1636    i.SVC_Handler       common.o
    0x08001920   0x08001920   0x00000030   Code   RO         1766    i.SetSysClock       system_mm32f327x.o
    0x08001950   0x08001950   0x000001f4   Code   RO         1767    i.SetSysClockToXX   system_mm32f327x.o
    0x08001b44   0x08001b44   0x000000a0   Code   RO          579    i.Show_Line         img_process.o
    0x08001be4   0x08001be4   0x00000088   Code   RO          935    i.Speed_Control     control.o
    0x08001c6c   0x08001c6c   0x00000068   Code   RO          936    i.Speed_Control_stop  control.o
    0x08001cd4   0x08001cd4   0x00000064   Code   RO         1768    i.SystemInit        system_mm32f327x.o
    0x08001d38   0x08001d38   0x00000014   Code   RO           23    i.TIM1_UP_IRQHandler  isr.o
    0x08001d4c   0x08001d4c   0x00000012   Code   RO           24    i.TIM2_IRQHandler   isr.o
    0x08001d5e   0x08001d5e   0x00000002   PAD
    0x08001d60   0x08001d60   0x00000014   Code   RO           25    i.TIM3_IRQHandler   isr.o
    0x08001d74   0x08001d74   0x00000014   Code   RO           26    i.TIM4_IRQHandler   isr.o
    0x08001d88   0x08001d88   0x00000014   Code   RO           27    i.TIM5_IRQHandler   isr.o
    0x08001d9c   0x08001d9c   0x00000108   Code   RO           28    i.TIM6_IRQHandler   isr.o
    0x08001ea4   0x08001ea4   0x0000004c   Code   RO           29    i.TIM7_IRQHandler   isr.o
    0x08001ef0   0x08001ef0   0x00000014   Code   RO           30    i.TIM8_UP_IRQHandler  isr.o
    0x08001f04   0x08001f04   0x00000016   Code   RO         7116    i.TIM_Cmd           hal_tim.o
    0x08001f1a   0x08001f1a   0x00000012   Code   RO         7119    i.TIM_DMACmd        hal_tim.o
    0x08001f2c   0x08001f2c   0x00000020   Code   RO         7123    i.TIM_ETRClockMode1Config  hal_tim.o
    0x08001f4c   0x08001f4c   0x0000002c   Code   RO         7125    i.TIM_ETRConfig     hal_tim.o
    0x08001f78   0x08001f78   0x0000000c   Code   RO         7176    i.TIM_SelectInputTrigger  hal_tim.o
    0x08001f84   0x08001f84   0x0000000c   Code   RO         7177    i.TIM_SelectMasterSlaveMode  hal_tim.o
    0x08001f90   0x08001f90   0x0000000c   Code   RO         7181    i.TIM_SelectSlaveMode  hal_tim.o
    0x08001f9c   0x08001f9c   0x00000078   Code   RO         7204    i.TIM_TimeBaseInit  hal_tim.o
    0x08002014   0x08002014   0x00000064   Code   RO          937    i.Turn_Control      control.o
    0x08002078   0x08002078   0x0000003c   Code   RO           31    i.UART1_IRQHandler  isr.o
    0x080020b4   0x080020b4   0x0000003c   Code   RO           32    i.UART2_IRQHandler  isr.o
    0x080020f0   0x080020f0   0x0000003c   Code   RO           33    i.UART3_IRQHandler  isr.o
    0x0800212c   0x0800212c   0x0000003c   Code   RO           34    i.UART4_IRQHandler  isr.o
    0x08002168   0x08002168   0x00000034   Code   RO           35    i.UART5_IRQHandler  isr.o
    0x0800219c   0x0800219c   0x0000003c   Code   RO           36    i.UART6_IRQHandler  isr.o
    0x080021d8   0x080021d8   0x0000003c   Code   RO           37    i.UART7_IRQHandler  isr.o
    0x08002214   0x08002214   0x00000060   Code   RO           38    i.UART8_IRQHandler  isr.o
    0x08002274   0x08002274   0x00000020   Code   RO         1561    i.Ultrasonic_init   ultrasonic.o
    0x08002294   0x08002294   0x0000000c   Code   RO         1563    i.Ultrasonic_send   ultrasonic.o
    0x080022a0   0x080022a0   0x00000004   Code   RO         1637    i.UsageFault_Handler  common.o
    0x080022a4   0x080022a4   0x00000028   Code   RO         8240    i.__ARM_fpclassify  m_ws.l(fpclassify.o)
    0x080022cc   0x080022cc   0x000000aa   Code   RO         8242    i.__kernel_poly     m_ws.l(poly.o)
    0x08002376   0x08002376   0x00000006   Code   RO         8192    i.__mathlib_dbl_infnan  m_ws.l(dunder.o)
    0x0800237c   0x0800237c   0x00000004   Code   RO         8193    i.__mathlib_dbl_infnan2  m_ws.l(dunder.o)
    0x08002380   0x08002380   0x00000010   Code   RO         8197    i.__mathlib_dbl_underflow  m_ws.l(dunder.o)
    0x08002390   0x08002390   0x0000000e   Code   RO         8250    i.__scatterload_copy  mc_w.l(handlers.o)
    0x0800239e   0x0800239e   0x00000002   Code   RO         8251    i.__scatterload_null  mc_w.l(handlers.o)
    0x080023a0   0x080023a0   0x0000000e   Code   RO         8252    i.__scatterload_zeroinit  mc_w.l(handlers.o)
    0x080023ae   0x080023ae   0x00000002   PAD
    0x080023b0   0x080023b0   0x000000e4   Code   RO         2017    i.afio_init         zf_gpio.o
    0x08002494   0x08002494   0x00000080   Code   RO         2750    i.angle_calc        seekfree_icm20602.o
    0x08002514   0x08002514   0x00000220   Code   RO         8182    i.atan              m_ws.l(atan.o)
    0x08002734   0x08002734   0x00000180   Code   RO         8113    i.atan2             m_ws.l(atan2.o)
    0x080028b4   0x080028b4   0x00000018   Code   RO         1603    i.board_init        board.o
    0x080028cc   0x080028cc   0x0000007a   Code   RO         1866    i.camera_dma_init   zf_camera.o
    0x08002946   0x08002946   0x00000002   PAD
    0x08002948   0x08002948   0x0000011c   Code   RO         1867    i.camera_tim_etr_init  zf_camera.o
    0x08002a64   0x08002a64   0x000000c8   Code   RO          583    i.centre_line_get   img_process.o
    0x08002b2c   0x08002b2c   0x00000064   Code   RO          585    i.erzhihua          img_process.o
    0x08002b90   0x08002b90   0x000000d4   Code   RO         1901    i.exti_interrupt_init  zf_exti.o
    0x08002c64   0x08002c64   0x00000198   Code   RO          586    i.find_Inflection_A  img_process.o
    0x08002dfc   0x08002dfc   0x00000098   Code   RO          587    i.find_Inflection_B  img_process.o
    0x08002e94   0x08002e94   0x000000f0   Code   RO          588    i.find_Inflection_C  img_process.o
    0x08002f84   0x08002f84   0x0000008c   Code   RO         1044    i.fun0              menu.o
    0x08003010   0x08003010   0x00000074   Code   RO         1045    i.fun1              menu.o
    0x08003084   0x08003084   0x00000080   Code   RO         1046    i.fun10             menu.o
    0x08003104   0x08003104   0x00000070   Code   RO         1047    i.fun11             menu.o
    0x08003174   0x08003174   0x0000008c   Code   RO         1048    i.fun12             menu.o
    0x08003200   0x08003200   0x0000009c   Code   RO         1049    i.fun13             menu.o
    0x0800329c   0x0800329c   0x000000ac   Code   RO         1050    i.fun14             menu.o
    0x08003348   0x08003348   0x0000009c   Code   RO         1051    i.fun15             menu.o
    0x080033e4   0x080033e4   0x000000ac   Code   RO         1052    i.fun16             menu.o
    0x08003490   0x08003490   0x000000a0   Code   RO         1053    i.fun17             menu.o
    0x08003530   0x08003530   0x000000b0   Code   RO         1054    i.fun18             menu.o
    0x080035e0   0x080035e0   0x000000a0   Code   RO         1055    i.fun19             menu.o
    0x08003680   0x08003680   0x0000007c   Code   RO         1056    i.fun2              menu.o
    0x080036fc   0x080036fc   0x000000b0   Code   RO         1057    i.fun20             menu.o
    0x080037ac   0x080037ac   0x0000009c   Code   RO         1058    i.fun21             menu.o
    0x08003848   0x08003848   0x00000090   Code   RO         1059    i.fun22             menu.o
    0x080038d8   0x080038d8   0x00000098   Code   RO         1060    i.fun23             menu.o
    0x08003970   0x08003970   0x000000a4   Code   RO         1061    i.fun24             menu.o
    0x08003a14   0x08003a14   0x00000098   Code   RO         1062    i.fun25             menu.o
    0x08003aac   0x08003aac   0x000000a4   Code   RO         1063    i.fun26             menu.o
    0x08003b50   0x08003b50   0x00000094   Code   RO         1064    i.fun27             menu.o
    0x08003be4   0x08003be4   0x000000a0   Code   RO         1065    i.fun28             menu.o
    0x08003c84   0x08003c84   0x00000094   Code   RO         1066    i.fun29             menu.o
    0x08003d18   0x08003d18   0x00000074   Code   RO         1067    i.fun3              menu.o
    0x08003d8c   0x08003d8c   0x000000a0   Code   RO         1068    i.fun30             menu.o
    0x08003e2c   0x08003e2c   0x00000094   Code   RO         1069    i.fun31             menu.o
    0x08003ec0   0x08003ec0   0x00000090   Code   RO         1070    i.fun32             menu.o
    0x08003f50   0x08003f50   0x00000094   Code   RO         1071    i.fun33             menu.o
    0x08003fe4   0x08003fe4   0x00000098   Code   RO         1072    i.fun34             menu.o
    0x0800407c   0x0800407c   0x00000094   Code   RO         1073    i.fun35             menu.o
    0x08004110   0x08004110   0x00000098   Code   RO         1074    i.fun36             menu.o
    0x080041a8   0x080041a8   0x00000094   Code   RO         1075    i.fun37             menu.o
    0x0800423c   0x0800423c   0x000000d0   Code   RO         1076    i.fun38             menu.o
    0x0800430c   0x0800430c   0x000000d4   Code   RO         1077    i.fun39             menu.o
    0x080043e0   0x080043e0   0x0000007c   Code   RO         1078    i.fun4              menu.o
    0x0800445c   0x0800445c   0x000000cc   Code   RO         1079    i.fun40             menu.o
    0x08004528   0x08004528   0x000000d4   Code   RO         1080    i.fun41             menu.o
    0x080045fc   0x080045fc   0x000000cc   Code   RO         1081    i.fun42             menu.o
    0x080046c8   0x080046c8   0x000000d4   Code   RO         1082    i.fun43             menu.o
    0x0800479c   0x0800479c   0x000000cc   Code   RO         1083    i.fun44             menu.o
    0x08004868   0x08004868   0x000000d4   Code   RO         1084    i.fun45             menu.o
    0x0800493c   0x0800493c   0x000000c8   Code   RO         1085    i.fun46             menu.o
    0x08004a04   0x08004a04   0x00000094   Code   RO         1086    i.fun47             menu.o
    0x08004a98   0x08004a98   0x00000070   Code   RO         1087    i.fun5              menu.o
    0x08004b08   0x08004b08   0x0000008c   Code   RO         1088    i.fun6              menu.o
    0x08004b94   0x08004b94   0x00000074   Code   RO         1089    i.fun7              menu.o
    0x08004c08   0x08004c08   0x00000080   Code   RO         1090    i.fun8              menu.o
    0x08004c88   0x08004c88   0x00000074   Code   RO         1091    i.fun9              menu.o
    0x08004cfc   0x08004cfc   0x00000070   Code   RO         2751    i.get_Angle_Balance1  seekfree_icm20602.o
    0x08004d6c   0x08004d6c   0x00000094   Code   RO         2752    i.get_Gyro_Balance1  seekfree_icm20602.o
    0x08004e00   0x08004e00   0x00000068   Code   RO         3462    i.get_config        seekfree_mt9v03x.o
    0x08004e68   0x08004e68   0x000000a4   Code   RO          591    i.get_longest_col   img_process.o
    0x08004f0c   0x08004f0c   0x00000094   Code   RO          592    i.get_shortest_col  img_process.o
    0x08004fa0   0x08004fa0   0x00000024   Code   RO         2019    i.gpio_get          zf_gpio.o
    0x08004fc4   0x08004fc4   0x0000014c   Code   RO         2020    i.gpio_init         zf_gpio.o
    0x08005110   0x08005110   0x00000048   Code   RO         2021    i.gpio_set          zf_gpio.o
    0x08005158   0x08005158   0x0000009c   Code   RO         2759    i.icm20602_init_spi  seekfree_icm20602.o
    0x080051f4   0x080051f4   0x00000020   Code   RO         2761    i.icm20602_self3_check  seekfree_icm20602.o
    0x08005214   0x08005214   0x0000004c   Code   RO         2762    i.icm_spi_r_reg_byte  seekfree_icm20602.o
    0x08005260   0x08005260   0x00000038   Code   RO         2763    i.icm_spi_r_reg_bytes  seekfree_icm20602.o
    0x08005298   0x08005298   0x00000040   Code   RO         2764    i.icm_spi_w_reg_byte  seekfree_icm20602.o
    0x080052d8   0x080052d8   0x000000c0   Code   RO          593    i.if_black_white    img_process.o
    0x08005398   0x08005398   0x00000040   Code   RO          594    i.if_stop           img_process.o
    0x080053d8   0x080053d8   0x00000030   Code   RO         2945    i.ips114_clear      seekfree_ips114_spi.o
    0x08005408   0x08005408   0x0000008c   Code   RO         2947    i.ips114_displayimage032  seekfree_ips114_spi.o
    0x08005494   0x08005494   0x00000204   Code   RO         2954    i.ips114_init       seekfree_ips114_spi.o
    0x08005698   0x08005698   0x0000004a   Code   RO         2955    i.ips114_set_region  seekfree_ips114_spi.o
    0x080056e2   0x080056e2   0x00000002   PAD
    0x080056e4   0x080056e4   0x00000070   Code   RO         2956    i.ips114_showchar   seekfree_ips114_spi.o
    0x08005754   0x08005754   0x000000c2   Code   RO         2958    i.ips114_showint16  seekfree_ips114_spi.o
    0x08005816   0x08005816   0x00000002   PAD
    0x08005818   0x08005818   0x0000006c   Code   RO         2959    i.ips114_showint32  seekfree_ips114_spi.o
    0x08005884   0x08005884   0x00000032   Code   RO         2961    i.ips114_showstr    seekfree_ips114_spi.o
    0x080058b6   0x080058b6   0x00000002   PAD
    0x080058b8   0x080058b8   0x00000044   Code   RO         2964    i.ips114_writeData  seekfree_ips114_spi.o
    0x080058fc   0x080058fc   0x00000044   Code   RO         2965    i.ips114_writeIndex  seekfree_ips114_spi.o
    0x08005940   0x08005940   0x00000054   Code   RO         2966    i.ips114_writedata_16bit  seekfree_ips114_spi.o
    0x08005994   0x08005994   0x000000e4   Code   RO          595    i.is_Branch         img_process.o
    0x08005a78   0x08005a78   0x00000128   Code   RO          596    i.is_Straight       img_process.o
    0x08005ba0   0x08005ba0   0x000000a0   Code   RO          598    i.judge_Branch      img_process.o
    0x08005c40   0x08005c40   0x000001dc   Code   RO          599    i.judge_Ring        img_process.o
    0x08005e1c   0x08005e1c   0x0000006c   Code   RO          600    i.judge_relay       img_process.o
    0x08005e88   0x08005e88   0x00000034   Code   RO         1009    i.key_init          key.o
    0x08005ebc   0x08005ebc   0x00000078   Code   RO         1010    i.key_ips           key.o
    0x08005f34   0x08005f34   0x00000064   Code   RO          547    i.main              main.o
    0x08005f98   0x08005f98   0x00000068   Code   RO         1092    i.menu_key          menu.o
    0x08006000   0x08006000   0x0000003c   Code   RO          873    i.motor_init        motor.o
    0x0800603c   0x0800603c   0x00000020   Code   RO         3464    i.mt9v03x_dma       seekfree_mt9v03x.o
    0x0800605c   0x0800605c   0x00000050   Code   RO         3465    i.mt9v03x_dma_init  seekfree_mt9v03x.o
    0x080060ac   0x080060ac   0x00000028   Code   RO         3466    i.mt9v03x_exti_init  seekfree_mt9v03x.o
    0x080060d4   0x080060d4   0x00000084   Code   RO         3467    i.mt9v03x_init      seekfree_mt9v03x.o
    0x08006158   0x08006158   0x0000000e   Code   RO         3468    i.mt9v03x_tim1_etr_init  seekfree_mt9v03x.o
    0x08006166   0x08006166   0x00000002   PAD
    0x08006168   0x08006168   0x00000054   Code   RO         3469    i.mt9v03x_uart_callback  seekfree_mt9v03x.o
    0x080061bc   0x080061bc   0x00000018   Code   RO         3470    i.mt9v03x_vsync     seekfree_mt9v03x.o
    0x080061d4   0x080061d4   0x0000000e   Code   RO          938    i.my_abs            control.o
    0x080061e2   0x080061e2   0x00000088   Code   RO         1721    i.number_conversion_ascii  seekfree_printf.o
    0x0800626a   0x0800626a   0x00000024   Code   RO         1638    i.nvic_init         common.o
    0x0800628e   0x0800628e   0x00000002   PAD
    0x08006290   0x08006290   0x00000054   Code   RO         3720    i.ov7725_cof_uart_interrupt  seekfree_uart_7725.o
    0x080062e4   0x080062e4   0x00000020   Code   RO         2565    i.ov7725_dma        seekfree_7725.o
    0x08006304   0x08006304   0x00000020   Code   RO         3724    i.ov7725_uart_dma   seekfree_uart_7725.o
    0x08006324   0x08006324   0x00000018   Code   RO         3730    i.ov7725_uart_vsync  seekfree_uart_7725.o
    0x0800633c   0x0800633c   0x00000018   Code   RO         2578    i.ov7725_vsync      seekfree_7725.o
    0x08006354   0x08006354   0x00000018   Code   RO          874    i.pit_init          motor.o
    0x0800636c   0x0800636c   0x00000022   Code   RO         1722    i.printf_reverse_order  seekfree_printf.o
    0x0800638e   0x0800638e   0x00000002   PAD
    0x08006390   0x08006390   0x000000b0   Code   RO         2126    i.pwm_duty_updata   zf_pwm.o
    0x08006440   0x08006440   0x00000288   Code   RO         2128    i.pwm_init          zf_pwm.o
    0x080066c8   0x080066c8   0x00000014   Code   RO         2129    i.pwm_pin_init      zf_pwm.o
    0x080066dc   0x080066dc   0x00000014   Code   RO          603    i.receive_message   img_process.o
    0x080066f0   0x080066f0   0x000000b0   Code   RO          604    i.refresh_current_element  img_process.o
    0x080067a0   0x080067a0   0x00000012   Code   RO          605    i.relay_start       img_process.o
    0x080067b2   0x080067b2   0x00000002   PAD
    0x080067b4   0x080067b4   0x00000104   Code   RO          606    i.repair_Branch     img_process.o
    0x080068b8   0x080068b8   0x00000818   Code   RO          607    i.repair_Ring       img_process.o
    0x080070d0   0x080070d0   0x00000068   Code   RO          608    i.repair_Zebra      img_process.o
    0x08007138   0x08007138   0x00000014   Code   RO         3858    i.seekfree_wireless_init  seekfree_wireless.o
    0x0800714c   0x0800714c   0x0000000e   Code   RO          609    i.send_message      img_process.o
    0x0800715a   0x0800715a   0x00000002   PAD
    0x0800715c   0x0800715c   0x000001b8   Code   RO          875    i.set_Speed         motor.o
    0x08007314   0x08007314   0x00000078   Code   RO         3472    i.set_config        seekfree_mt9v03x.o
    0x0800738c   0x0800738c   0x00000054   Code   RO         3473    i.set_exposure_time  seekfree_mt9v03x.o
    0x080073e0   0x080073e0   0x000001c0   Code   RO         2172    i.spi_init          zf_spi.o
    0x080075a0   0x080075a0   0x00000050   Code   RO         2173    i.spi_mosi          zf_spi.o
    0x080075f0   0x080075f0   0x00000058   Code   RO         2174    i.spi_pin_init      zf_spi.o
    0x08007648   0x08007648   0x00000026   Code   RO         2213    i.systick_delay     zf_systick.o
    0x0800766e   0x0800766e   0x00000002   PAD
    0x08007670   0x08007670   0x00000028   Code   RO         2214    i.systick_delay_ms  zf_systick.o
    0x08007698   0x08007698   0x00000030   Code   RO          610    i.threshold_init    img_process.o
    0x080076c8   0x080076c8   0x00000034   Code   RO         2269    i.tim_encoder_get_count  zf_tim.o
    0x080076fc   0x080076fc   0x000000f0   Code   RO         2270    i.tim_encoder_init  zf_tim.o
    0x080077ec   0x080077ec   0x00000014   Code   RO         2271    i.tim_encoder_pin_init  zf_tim.o
    0x08007800   0x08007800   0x00000024   Code   RO         2272    i.tim_encoder_rst   zf_tim.o
    0x08007824   0x08007824   0x00000024   Code   RO         2078    i.tim_interrupt_enable  zf_pit.o
    0x08007848   0x08007848   0x000000ec   Code   RO         2079    i.tim_interrupt_init  zf_pit.o
    0x08007934   0x08007934   0x00000240   Code   RO          611    i.trackBorder_Get   img_process.o
    0x08007b74   0x08007b74   0x00000024   Code   RO         2336    i.uart_getchar      zf_uart.o
    0x08007b98   0x08007b98   0x00000194   Code   RO         2337    i.uart_init         zf_uart.o
    0x08007d2c   0x08007d2c   0x00000024   Code   RO         2338    i.uart_pin_init     zf_uart.o
    0x08007d50   0x08007d50   0x00000030   Code   RO         2339    i.uart_putbuff      zf_uart.o
    0x08007d80   0x08007d80   0x00000020   Code   RO         2340    i.uart_putchar      zf_uart.o
    0x08007da0   0x08007da0   0x0000004c   Code   RO         2343    i.uart_rx_irq       zf_uart.o
    0x08007dec   0x08007dec   0x0000003c   Code   RO          612    i.weight_array_init  img_process.o
    0x08007e28   0x08007e28   0x000002e4   Code   RO         1723    i.zf_sprintf        seekfree_printf.o
    0x0800810c   0x0800810c   0x00001b88   Data   RO         2726    .constdata          seekfree_font.o
    0x08009c94   0x08009c94   0x00000004   PAD
    0x08009c98   0x08009c98   0x00000098   Data   RO         8183    .constdata          m_ws.l(atan.o)
    0x08009d30   0x08009d30   0x00000008   Data   RO         8205    .constdata          m_ws.l(qnan.o)
    0x08009d38   0x08009d38   0x00000020   Data   RO         8248    Region$$Table       anon$$obj.o


    Execution Region RW_IRAM1 (Exec base: 0x20000000, Load base: 0x08009d58, Size: 0x0000c1d8, Max: 0x00020000, ABSOLUTE, COMPRESSED[0x00000250])

    Exec Addr    Load Addr    Size         Type   Attr      Idx    E Section Name        Object

    0x20000000   COMPRESSED   0x0000000d   Data   RW           39    .data               isr.o
    0x2000000d   COMPRESSED   0x00000002   Data   RW          548    .data               main.o
    0x2000000f   COMPRESSED   0x00000001   PAD
    0x20000010   COMPRESSED   0x00000058   Data   RW          614    .data               img_process.o
    0x20000068   COMPRESSED   0x00000020   Data   RW          876    .data               motor.o
    0x20000088   COMPRESSED   0x00000124   Data   RW          939    .data               control.o
    0x200001ac   COMPRESSED   0x000001c5   Data   RW         1093    .data               menu.o
    0x20000371   COMPRESSED   0x00000003   PAD
    0x20000374   COMPRESSED   0x00000008   Data   RW         1641    .data               common.o
    0x2000037c   COMPRESSED   0x00000014   Data   RW         1769    .data               system_mm32f327x.o
    0x20000390   COMPRESSED   0x00000020   Data   RW         2023    .data               zf_gpio.o
    0x200003b0   COMPRESSED   0x0000000c   Data   RW         2175    .data               zf_spi.o
    0x200003bc   COMPRESSED   0x00000020   Data   RW         2273    .data               zf_tim.o
    0x200003dc   COMPRESSED   0x00000028   Data   RW         2345    .data               zf_uart.o
    0x20000404   COMPRESSED   0x00000004   Data   RW         2580    .data               seekfree_7725.o
    0x20000408   COMPRESSED   0x00000019   Data   RW         2765    .data               seekfree_icm20602.o
    0x20000421   COMPRESSED   0x00000001   PAD
    0x20000422   COMPRESSED   0x0000004a   Data   RW         3476    .data               seekfree_mt9v03x.o
    0x2000046c   COMPRESSED   0x00000033   Data   RW         3733    .data               seekfree_uart_7725.o
    0x2000049f   COMPRESSED   0x00000001   PAD
    0x200004a0        -       0x00006118   Zero   RW          613    .bss                img_process.o
    0x200065b8        -       0x00005820   Zero   RW         3475    .bss                seekfree_mt9v03x.o
    0x2000bdd8        -       0x00000400   Zero   RW         1809    STACK               startup_mm32f327x_keil.o


==============================================================================

Image component sizes


      Code (inc. data)   RO Data    RW Data    ZI Data      Debug   Object Name

        24          0          0          0          0        601   board.o
        68          0          0          8          0       8051   common.o
       698        102          0        292          0       6327   control.o
       268         26          0          0          0       7949   hal_dma.o
       336         20          0          0          0       5712   hal_exti.o
       108         12          0          0          0       1108   hal_misc.o
        96         18          0          0          0       1898   hal_rcc.o
       272         22          0          0          0      12803   hal_tim.o
      6444        528          0         88      24856      25087   img_process.o
      1618        174          0         13          0     123462   isr.o
       268         16          0          0          0       1604   key.o
       100          4          0          2          0        863   main.o
      7648       3378          0        453          0      23761   menu.o
       916         36          0         32          0       4400   motor.o
      1160         76          0          0          0       5088   pid.o
        56         14          0          4          0       2026   seekfree_7725.o
         0          0       7048          0          0       1025   seekfree_font.o
       772         70          0         25          0       5991   seekfree_icm20602.o
      1462         32          0          0          0       8755   seekfree_ips114_spi.o
       714         96          0         74      22560       7454   seekfree_mt9v03x.o
       910          4          0          0          0       4630   seekfree_printf.o
       140         32          0         51          0       2888   seekfree_uart_7725.o
        20          0          0          0          0        569   seekfree_wireless.o
         0          0          0          0          0      11769   shangweiji.o
        36          8        400          0       1024        924   startup_mm32f327x_keil.o
       816         60          0         20          0       4532   system_mm32f327x.o
        44          0          0          0          0        936   ultrasonic.o
       406          4          0          0          0       2072   zf_camera.o
       212          6          0          0          0        938   zf_exti.o
       668         28          0         32          0       4811   zf_gpio.o
       272         26          0          0          0       1472   zf_pit.o
       844         24          0          0          0       2349   zf_pwm.o
       616         18          0         12          0       4510   zf_spi.o
        78          6          0          0          0       1167   zf_systick.o
       348         20          0         32          0       4253   zf_tim.o
       632         46          0         40          0       5949   zf_uart.o

    ----------------------------------------------------------------------
     29096       4906       7484       1184      48440     307734   Object Totals
         0          0         32          0          0          0   (incl. Generated)
        26          0          4          6          0          0   (incl. Padding)

    ----------------------------------------------------------------------

      Code (inc. data)   RO Data    RW Data    ZI Data      Debug   Library Member Name

       544         70        152          0          0        124   atan.o
       384         38          0          0          0        144   atan2.o
        26          6          0          0          0        204   dunder.o
        40          0          0          0          0         68   fpclassify.o
       170          0          0          0          0         96   poly.o
         0          0          8          0          0          0   qnan.o
        86          0          0          0          0          0   __dczerorl2.o
         0          0          0          0          0          0   entry.o
         0          0          0          0          0          0   entry10a.o
         0          0          0          0          0          0   entry11a.o
         8          4          0          0          0          0   entry2.o
         4          0          0          0          0          0   entry5.o
         0          0          0          0          0          0   entry7b.o
         0          0          0          0          0          0   entry8b.o
         8          4          0          0          0          0   entry9a.o
        30          0          0          0          0          0   handlers.o
        36          8          0          0          0         68   init.o
         0          0          0          0          0          0   iusefp.o
        30          0          0          0          0         68   llshl.o
        36          0          0          0          0         68   llsshr.o
        32          0          0          0          0         68   llushr.o
        36          0          0          0          0         68   memcpya.o
        36          0          0          0          0        108   memseta.o
         8          0          0          0          0         68   siabs.o
        48          0          0          0          0         68   cdcmple.o
        48          0          0          0          0         68   cdrcmple.o
        20          0          0          0          0         68   cfcmple.o
        20          0          0          0          0         68   cfrcmple.o
        56          0          0          0          0         88   d2f.o
       334          0          0          0          0        148   dadd.o
       222          0          0          0          0        100   ddiv.o
       186          0          0          0          0        176   depilogue.o
        62          0          0          0          0         80   dfixi.o
        50          0          0          0          0         76   dfixui.o
        34          0          0          0          0         76   dflti.o
       228          0          0          0          0         96   dmul.o
        46          0          0          0          0         80   dscalb.o
        38          0          0          0          0         68   f2d.o
       176          0          0          0          0        140   fadd.o
       124          0          0          0          0         88   fdiv.o
       110          0          0          0          0        168   fepilogue.o
        50          0          0          0          0         68   ffixi.o
        40          0          0          0          0         68   ffixui.o
        18          0          0          0          0         68   fflti.o
        10          0          0          0          0         68   ffltui.o
       100          0          0          0          0         76   fmul.o

    ----------------------------------------------------------------------
      3540        130        160          0          0       3156   Library Totals
         6          0          0          0          0          0   (incl. Padding)

    ----------------------------------------------------------------------

      Code (inc. data)   RO Data    RW Data    ZI Data      Debug   Library Name

      1164        114        160          0          0        636   m_ws.l
       350         16          0          0          0        516   mc_w.l
      2020          0          0          0          0       2004   mf_w.l

    ----------------------------------------------------------------------
      3540        130        160          0          0       3156   Library Totals

    ----------------------------------------------------------------------

==============================================================================


      Code (inc. data)   RO Data    RW Data    ZI Data      Debug   

     32636       5036       7644       1184      48440     297238   Grand Totals
     32636       5036       7644        592      48440     297238   ELF Image Totals (compressed)
     32636       5036       7644        592          0          0   ROM Totals

==============================================================================

    Total RO  Size (Code + RO Data)                40280 (  39.34kB)
    Total RW  Size (RW Data + ZI Data)             49624 (  48.46kB)
    Total ROM Size (Code + RO Data + RW Data)      40872 (  39.91kB)

==============================================================================

